Archive member included to satisfy reference by file (symbol)

c:/st/stm32cubeide_1.11.2/stm32cubeide/plugins/com.st.stm32cube.ide.mcu.externaltools.gnu-tools-for-stm32.10.3-2021.10.win32_1.0.100.202210260954/tools/bin/../lib/gcc/arm-none-eabi/10.3.1/../../../../arm-none-eabi/lib/thumb/v7e-m+fp/hard\libc_nano.a(lib_a-errno.o)
                              ./Application/User/syscalls.o (__errno)
c:/st/stm32cubeide_1.11.2/stm32cubeide/plugins/com.st.stm32cube.ide.mcu.externaltools.gnu-tools-for-stm32.10.3-2021.10.win32_1.0.100.202210260954/tools/bin/../lib/gcc/arm-none-eabi/10.3.1/../../../../arm-none-eabi/lib/thumb/v7e-m+fp/hard\libc_nano.a(lib_a-exit.o)
                              c:/st/stm32cubeide_1.11.2/stm32cubeide/plugins/com.st.stm32cube.ide.mcu.externaltools.gnu-tools-for-stm32.10.3-2021.10.win32_1.0.100.202210260954/tools/bin/../lib/gcc/arm-none-eabi/10.3.1/../../../../arm-none-eabi/lib/thumb/v7e-m+fp/hard/crt0.o (exit)
c:/st/stm32cubeide_1.11.2/stm32cubeide/plugins/com.st.stm32cube.ide.mcu.externaltools.gnu-tools-for-stm32.10.3-2021.10.win32_1.0.100.202210260954/tools/bin/../lib/gcc/arm-none-eabi/10.3.1/../../../../arm-none-eabi/lib/thumb/v7e-m+fp/hard\libc_nano.a(lib_a-impure.o)
                              c:/st/stm32cubeide_1.11.2/stm32cubeide/plugins/com.st.stm32cube.ide.mcu.externaltools.gnu-tools-for-stm32.10.3-2021.10.win32_1.0.100.202210260954/tools/bin/../lib/gcc/arm-none-eabi/10.3.1/../../../../arm-none-eabi/lib/thumb/v7e-m+fp/hard\libc_nano.a(lib_a-exit.o) (_global_impure_ptr)
c:/st/stm32cubeide_1.11.2/stm32cubeide/plugins/com.st.stm32cube.ide.mcu.externaltools.gnu-tools-for-stm32.10.3-2021.10.win32_1.0.100.202210260954/tools/bin/../lib/gcc/arm-none-eabi/10.3.1/../../../../arm-none-eabi/lib/thumb/v7e-m+fp/hard\libc_nano.a(lib_a-init.o)
                              c:/st/stm32cubeide_1.11.2/stm32cubeide/plugins/com.st.stm32cube.ide.mcu.externaltools.gnu-tools-for-stm32.10.3-2021.10.win32_1.0.100.202210260954/tools/bin/../lib/gcc/arm-none-eabi/10.3.1/../../../../arm-none-eabi/lib/thumb/v7e-m+fp/hard/crt0.o (__libc_init_array)
c:/st/stm32cubeide_1.11.2/stm32cubeide/plugins/com.st.stm32cube.ide.mcu.externaltools.gnu-tools-for-stm32.10.3-2021.10.win32_1.0.100.202210260954/tools/bin/../lib/gcc/arm-none-eabi/10.3.1/../../../../arm-none-eabi/lib/thumb/v7e-m+fp/hard\libc_nano.a(lib_a-memset.o)
                              c:/st/stm32cubeide_1.11.2/stm32cubeide/plugins/com.st.stm32cube.ide.mcu.externaltools.gnu-tools-for-stm32.10.3-2021.10.win32_1.0.100.202210260954/tools/bin/../lib/gcc/arm-none-eabi/10.3.1/../../../../arm-none-eabi/lib/thumb/v7e-m+fp/hard/crt0.o (memset)
c:/st/stm32cubeide_1.11.2/stm32cubeide/plugins/com.st.stm32cube.ide.mcu.externaltools.gnu-tools-for-stm32.10.3-2021.10.win32_1.0.100.202210260954/tools/bin/../lib/gcc/arm-none-eabi/10.3.1/thumb/v7e-m+fp/hard\libgcc.a(_arm_muldf3.o)
                              ./Application/User/user_interface.o (__aeabi_dmul)
c:/st/stm32cubeide_1.11.2/stm32cubeide/plugins/com.st.stm32cube.ide.mcu.externaltools.gnu-tools-for-stm32.10.3-2021.10.win32_1.0.100.202210260954/tools/bin/../lib/gcc/arm-none-eabi/10.3.1/thumb/v7e-m+fp/hard\libgcc.a(_arm_addsubdf3.o)
                              ./Application/User/user_interface.o (__aeabi_i2d)
c:/st/stm32cubeide_1.11.2/stm32cubeide/plugins/com.st.stm32cube.ide.mcu.externaltools.gnu-tools-for-stm32.10.3-2021.10.win32_1.0.100.202210260954/tools/bin/../lib/gcc/arm-none-eabi/10.3.1/thumb/v7e-m+fp/hard\libgcc.a(_arm_fixdfsi.o)
                              ./Application/User/user_interface.o (__aeabi_d2iz)
c:/st/stm32cubeide_1.11.2/stm32cubeide/plugins/com.st.stm32cube.ide.mcu.externaltools.gnu-tools-for-stm32.10.3-2021.10.win32_1.0.100.202210260954/tools/bin/../lib/gcc/arm-none-eabi/10.3.1/thumb/v7e-m+fp/hard\libgcc.a(_aeabi_uldivmod.o)
                              ./Drivers/STM32G4xx_HAL_Driver/stm32g4xx_hal_uart.o (__aeabi_uldivmod)
c:/st/stm32cubeide_1.11.2/stm32cubeide/plugins/com.st.stm32cube.ide.mcu.externaltools.gnu-tools-for-stm32.10.3-2021.10.win32_1.0.100.202210260954/tools/bin/../lib/gcc/arm-none-eabi/10.3.1/thumb/v7e-m+fp/hard\libgcc.a(_udivmoddi4.o)
                              c:/st/stm32cubeide_1.11.2/stm32cubeide/plugins/com.st.stm32cube.ide.mcu.externaltools.gnu-tools-for-stm32.10.3-2021.10.win32_1.0.100.202210260954/tools/bin/../lib/gcc/arm-none-eabi/10.3.1/thumb/v7e-m+fp/hard\libgcc.a(_aeabi_uldivmod.o) (__udivmoddi4)
c:/st/stm32cubeide_1.11.2/stm32cubeide/plugins/com.st.stm32cube.ide.mcu.externaltools.gnu-tools-for-stm32.10.3-2021.10.win32_1.0.100.202210260954/tools/bin/../lib/gcc/arm-none-eabi/10.3.1/thumb/v7e-m+fp/hard\libgcc.a(_dvmd_tls.o)
                              c:/st/stm32cubeide_1.11.2/stm32cubeide/plugins/com.st.stm32cube.ide.mcu.externaltools.gnu-tools-for-stm32.10.3-2021.10.win32_1.0.100.202210260954/tools/bin/../lib/gcc/arm-none-eabi/10.3.1/thumb/v7e-m+fp/hard\libgcc.a(_aeabi_uldivmod.o) (__aeabi_ldiv0)

Discarded input sections

[...]
Memory Configuration

Name             Origin             Length             Attributes
RAM              0x0000000020000000 0x0000000000008000 xrw
FLASH            0x0000000008000000 0x0000000000020000 xr
*default*        0x0000000000000000 0xffffffffffffffff

Linker script and memory map

LOAD c:/st/stm32cubeide_1.11.2/stm32cubeide/plugins/com.st.stm32cube.ide.mcu.externaltools.gnu-tools-for-stm32.10.3-2021.10.win32_1.0.100.202210260954/tools/bin/../lib/gcc/arm-none-eabi/10.3.1/thumb/v7e-m+fp/hard/crti.o
LOAD c:/st/stm32cubeide_1.11.2/stm32cubeide/plugins/com.st.stm32cube.ide.mcu.externaltools.gnu-tools-for-stm32.10.3-2021.10.win32_1.0.100.202210260954/tools/bin/../lib/gcc/arm-none-eabi/10.3.1/thumb/v7e-m+fp/hard/crtbegin.o
LOAD c:/st/stm32cubeide_1.11.2/stm32cubeide/plugins/com.st.stm32cube.ide.mcu.externaltools.gnu-tools-for-stm32.10.3-2021.10.win32_1.0.100.202210260954/tools/bin/../lib/gcc/arm-none-eabi/10.3.1/../../../../arm-none-eabi/lib/thumb/v7e-m+fp/hard/crt0.o
LOAD ./Application/Startup/startup_stm32g431rbtx.o
LOAD ./Application/User/6step_conf.o
LOAD ./Application/User/6step_core.o
LOAD ./Application/User/6step_init.o
LOAD ./Application/User/adc.o
LOAD ./Application/User/dac.o
LOAD ./Application/User/dma.o
LOAD ./Application/User/gpio.o
LOAD ./Application/User/main.o
LOAD ./Application/User/mc_config.o
LOAD ./Application/User/motor_control_protocol.o
LOAD ./Application/User/motorcontrol.o
LOAD ./Application/User/stm32g4xx_hal_msp.o
LOAD ./Application/User/stm32g4xx_it.o
LOAD ./Application/User/stm32g4xx_mc_it.o
LOAD ./Application/User/syscalls.o
LOAD ./Application/User/sysmem.o
LOAD ./Application/User/tim.o
LOAD ./Application/User/ui_task.o
LOAD ./Application/User/usart.o
LOAD ./Application/User/user_interface.o
LOAD ./Drivers/CMSIS/system_stm32g4xx.o
LOAD ./Drivers/STM32G4xx_HAL_Driver/stm32g4xx_hal.o
LOAD ./Drivers/STM32G4xx_HAL_Driver/stm32g4xx_hal_adc.o
LOAD ./Drivers/STM32G4xx_HAL_Driver/stm32g4xx_hal_adc_ex.o
LOAD ./Drivers/STM32G4xx_HAL_Driver/stm32g4xx_hal_cortex.o
LOAD ./Drivers/STM32G4xx_HAL_Driver/stm32g4xx_hal_dac.o
LOAD ./Drivers/STM32G4xx_HAL_Driver/stm32g4xx_hal_dac_ex.o
LOAD ./Drivers/STM32G4xx_HAL_Driver/stm32g4xx_hal_dma.o
LOAD ./Drivers/STM32G4xx_HAL_Driver/stm32g4xx_hal_dma_ex.o
LOAD ./Drivers/STM32G4xx_HAL_Driver/stm32g4xx_hal_exti.o
LOAD ./Drivers/STM32G4xx_HAL_Driver/stm32g4xx_hal_flash.o
LOAD ./Drivers/STM32G4xx_HAL_Driver/stm32g4xx_hal_flash_ex.o
LOAD ./Drivers/STM32G4xx_HAL_Driver/stm32g4xx_hal_flash_ramfunc.o
LOAD ./Drivers/STM32G4xx_HAL_Driver/stm32g4xx_hal_gpio.o
LOAD ./Drivers/STM32G4xx_HAL_Driver/stm32g4xx_hal_pwr.o
LOAD ./Drivers/STM32G4xx_HAL_Driver/stm32g4xx_hal_pwr_ex.o
LOAD ./Drivers/STM32G4xx_HAL_Driver/stm32g4xx_hal_rcc.o
LOAD ./Drivers/STM32G4xx_HAL_Driver/stm32g4xx_hal_rcc_ex.o
LOAD ./Drivers/STM32G4xx_HAL_Driver/stm32g4xx_hal_tim.o
LOAD ./Drivers/STM32G4xx_HAL_Driver/stm32g4xx_hal_tim_ex.o
LOAD ./Drivers/STM32G4xx_HAL_Driver/stm32g4xx_hal_uart.o
LOAD ./Drivers/STM32G4xx_HAL_Driver/stm32g4xx_hal_uart_ex.o
LOAD ./Drivers/STM32G4xx_HAL_Driver/stm32g4xx_ll_adc.o
LOAD ./Middlewares/MotorControl/frame_communication_protocol.o
LOAD ./Middlewares/MotorControl/g431rb_bus.o
LOAD ./Middlewares/MotorControl/ihm16m1.o
LOAD ./Middlewares/MotorControl/stspin830.o
LOAD ./Middlewares/MotorControl/usart_frame_communication_protocol.o
START GROUP
LOAD c:/st/stm32cubeide_1.11.2/stm32cubeide/plugins/com.st.stm32cube.ide.mcu.externaltools.gnu-tools-for-stm32.10.3-2021.10.win32_1.0.100.202210260954/tools/bin/../lib/gcc/arm-none-eabi/10.3.1/../../../../arm-none-eabi/lib/thumb/v7e-m+fp/hard\libc_nano.a
LOAD c:/st/stm32cubeide_1.11.2/stm32cubeide/plugins/com.st.stm32cube.ide.mcu.externaltools.gnu-tools-for-stm32.10.3-2021.10.win32_1.0.100.202210260954/tools/bin/../lib/gcc/arm-none-eabi/10.3.1/../../../../arm-none-eabi/lib/thumb/v7e-m+fp/hard\libm.a
END GROUP
START GROUP
LOAD c:/st/stm32cubeide_1.11.2/stm32cubeide/plugins/com.st.stm32cube.ide.mcu.externaltools.gnu-tools-for-stm32.10.3-2021.10.win32_1.0.100.202210260954/tools/bin/../lib/gcc/arm-none-eabi/10.3.1/thumb/v7e-m+fp/hard\libgcc.a
LOAD c:/st/stm32cubeide_1.11.2/stm32cubeide/plugins/com.st.stm32cube.ide.mcu.externaltools.gnu-tools-for-stm32.10.3-2021.10.win32_1.0.100.202210260954/tools/bin/../lib/gcc/arm-none-eabi/10.3.1/../../../../arm-none-eabi/lib/thumb/v7e-m+fp/hard\libc_nano.a
END GROUP
START GROUP
LOAD c:/st/stm32cubeide_1.11.2/stm32cubeide/plugins/com.st.stm32cube.ide.mcu.externaltools.gnu-tools-for-stm32.10.3-2021.10.win32_1.0.100.202210260954/tools/bin/../lib/gcc/arm-none-eabi/10.3.1/thumb/v7e-m+fp/hard\libgcc.a
LOAD c:/st/stm32cubeide_1.11.2/stm32cubeide/plugins/com.st.stm32cube.ide.mcu.externaltools.gnu-tools-for-stm32.10.3-2021.10.win32_1.0.100.202210260954/tools/bin/../lib/gcc/arm-none-eabi/10.3.1/../../../../arm-none-eabi/lib/thumb/v7e-m+fp/hard\libc_nano.a
LOAD c:/st/stm32cubeide_1.11.2/stm32cubeide/plugins/com.st.stm32cube.ide.mcu.externaltools.gnu-tools-for-stm32.10.3-2021.10.win32_1.0.100.202210260954/tools/bin/../lib/gcc/arm-none-eabi/10.3.1/../../../../arm-none-eabi/lib/thumb/v7e-m+fp/hard\libnosys.a
END GROUP
START GROUP
LOAD c:/st/stm32cubeide_1.11.2/stm32cubeide/plugins/com.st.stm32cube.ide.mcu.externaltools.gnu-tools-for-stm32.10.3-2021.10.win32_1.0.100.202210260954/tools/bin/../lib/gcc/arm-none-eabi/10.3.1/thumb/v7e-m+fp/hard\libgcc.a
LOAD c:/st/stm32cubeide_1.11.2/stm32cubeide/plugins/com.st.stm32cube.ide.mcu.externaltools.gnu-tools-for-stm32.10.3-2021.10.win32_1.0.100.202210260954/tools/bin/../lib/gcc/arm-none-eabi/10.3.1/../../../../arm-none-eabi/lib/thumb/v7e-m+fp/hard\libc_nano.a
LOAD c:/st/stm32cubeide_1.11.2/stm32cubeide/plugins/com.st.stm32cube.ide.mcu.externaltools.gnu-tools-for-stm32.10.3-2021.10.win32_1.0.100.202210260954/tools/bin/../lib/gcc/arm-none-eabi/10.3.1/../../../../arm-none-eabi/lib/thumb/v7e-m+fp/hard\libnosys.a
END GROUP
LOAD c:/st/stm32cubeide_1.11.2/stm32cubeide/plugins/com.st.stm32cube.ide.mcu.externaltools.gnu-tools-for-stm32.10.3-2021.10.win32_1.0.100.202210260954/tools/bin/../lib/gcc/arm-none-eabi/10.3.1/thumb/v7e-m+fp/hard/crtend.o
LOAD c:/st/stm32cubeide_1.11.2/stm32cubeide/plugins/com.st.stm32cube.ide.mcu.externaltools.gnu-tools-for-stm32.10.3-2021.10.win32_1.0.100.202210260954/tools/bin/../lib/gcc/arm-none-eabi/10.3.1/thumb/v7e-m+fp/hard/crtn.o
                0x0000000020008000                _estack = (ORIGIN (RAM) + LENGTH (RAM))
                0x0000000000000200                _Min_Heap_Size = 0x200
                0x0000000000000400                _Min_Stack_Size = 0x400

.isr_vector     0x0000000008000000      0x1d8
                0x0000000008000000                . = ALIGN (0x4)
 *(.isr_vector)
 .isr_vector    0x0000000008000000      0x1d8 ./Application/Startup/startup_stm32g431rbtx.o
                0x0000000008000000                g_pfnVectors
                0x00000000080001d8                . = ALIGN (0x4)

.text           0x00000000080001d8     0xb800
                0x00000000080001d8                . = ALIGN (0x4)
 *(.text)
 .text          0x00000000080001d8       0x40 c:/st/stm32cubeide_1.11.2/stm32cubeide/plugins/com.st.stm32cube.ide.mcu.externaltools.gnu-tools-for-stm32.10.3-2021.10.win32_1.0.100.202210260954/tools/bin/../lib/gcc/arm-none-eabi/10.3.1/thumb/v7e-m+fp/hard/crtbegin.o
 .text          0x0000000008000218      0x254 c:/st/stm32cubeide_1.11.2/stm32cubeide/plugins/com.st.stm32cube.ide.mcu.externaltools.gnu-tools-for-stm32.10.3-2021.10.win32_1.0.100.202210260954/tools/bin/../lib/gcc/arm-none-eabi/10.3.1/thumb/v7e-m+fp/hard\libgcc.a(_arm_muldf3.o)
                0x0000000008000218                __muldf3
                0x0000000008000218                __aeabi_dmul
 .text          0x000000000800046c      0x378 c:/st/stm32cubeide_1.11.2/stm32cubeide/plugins/com.st.stm32cube.ide.mcu.externaltools.gnu-tools-for-stm32.10.3-2021.10.win32_1.0.100.202210260954/tools/bin/../lib/gcc/arm-none-eabi/10.3.1/thumb/v7e-m+fp/hard\libgcc.a(_arm_addsubdf3.o)
                0x000000000800046c                __aeabi_drsub
                0x0000000008000474                __aeabi_dsub
                0x0000000008000474                __subdf3
                0x0000000008000478                __aeabi_dadd
                0x0000000008000478                __adddf3
                0x00000000080006f0                __floatunsidf
                0x00000000080006f0                __aeabi_ui2d
                0x0000000008000710                __floatsidf
                0x0000000008000710                __aeabi_i2d
                0x0000000008000734                __aeabi_f2d
                0x0000000008000734                __extendsfdf2
                0x0000000008000778                __floatundidf
                0x0000000008000778                __aeabi_ul2d
                0x0000000008000788                __floatdidf
                0x0000000008000788                __aeabi_l2d
 .text          0x00000000080007e4       0x50 c:/st/stm32cubeide_1.11.2/stm32cubeide/plugins/com.st.stm32cube.ide.mcu.externaltools.gnu-tools-for-stm32.10.3-2021.10.win32_1.0.100.202210260954/tools/bin/../lib/gcc/arm-none-eabi/10.3.1/thumb/v7e-m+fp/hard\libgcc.a(_arm_fixdfsi.o)
                0x00000000080007e4                __aeabi_d2iz
                0x00000000080007e4                __fixdfsi
 .text          0x0000000008000834       0x30 c:/st/stm32cubeide_1.11.2/stm32cubeide/plugins/com.st.stm32cube.ide.mcu.externaltools.gnu-tools-for-stm32.10.3-2021.10.win32_1.0.100.202210260954/tools/bin/../lib/gcc/arm-none-eabi/10.3.1/thumb/v7e-m+fp/hard\libgcc.a(_aeabi_uldivmod.o)
                0x0000000008000834                __aeabi_uldivmod
 .text          0x0000000008000864      0x2d0 c:/st/stm32cubeide_1.11.2/stm32cubeide/plugins/com.st.stm32cube.ide.mcu.externaltools.gnu-tools-for-stm32.10.3-2021.10.win32_1.0.100.202210260954/tools/bin/../lib/gcc/arm-none-eabi/10.3.1/thumb/v7e-m+fp/hard\libgcc.a(_udivmoddi4.o)
                0x0000000008000864                __udivmoddi4
 .text          0x0000000008000b34        0x4 c:/st/stm32cubeide_1.11.2/stm32cubeide/plugins/com.st.stm32cube.ide.mcu.externaltools.gnu-tools-for-stm32.10.3-2021.10.win32_1.0.100.202210260954/tools/bin/../lib/gcc/arm-none-eabi/10.3.1/thumb/v7e-m+fp/hard\libgcc.a(_dvmd_tls.o)
                0x0000000008000b34                __aeabi_idiv0
                0x0000000008000b34                __aeabi_ldiv0
 *(.text*)
 .text.Reset_Handler
                0x0000000008000b38       0x50 ./Application/Startup/startup_stm32g431rbtx.o
                0x0000000008000b38                Reset_Handler
 .text.Default_Handler
                0x0000000008000b88        0x2 ./Application/Startup/startup_stm32g431rbtx.o
                0x0000000008000b88                RTC_Alarm_IRQHandler
                0x0000000008000b88                EXTI2_IRQHandler
                0x0000000008000b88                TIM8_TRG_COM_IRQHandler
                0x0000000008000b88                TIM8_CC_IRQHandler
                0x0000000008000b88                TIM1_CC_IRQHandler
                0x0000000008000b88                USB_HP_IRQHandler
                0x0000000008000b88                CORDIC_IRQHandler
                0x0000000008000b88                PendSV_Handler
                0x0000000008000b88                NMI_Handler
                0x0000000008000b88                EXTI3_IRQHandler
                0x0000000008000b88                I2C3_ER_IRQHandler
                0x0000000008000b88                EXTI0_IRQHandler
                0x0000000008000b88                I2C2_EV_IRQHandler
                0x0000000008000b88                FPU_IRQHandler
                0x0000000008000b88                FDCAN1_IT1_IRQHandler
                0x0000000008000b88                TIM1_UP_TIM16_IRQHandler
                0x0000000008000b88                SPI1_IRQHandler
                0x0000000008000b88                TIM6_DAC_IRQHandler
                0x0000000008000b88                TIM8_UP_IRQHandler
                0x0000000008000b88                DMA2_Channel2_IRQHandler
                0x0000000008000b88                DMA1_Channel4_IRQHandler
                0x0000000008000b88                USART3_IRQHandler
                0x0000000008000b88                DMA2_Channel1_IRQHandler
                0x0000000008000b88                I2C1_EV_IRQHandler
                0x0000000008000b88                DMA1_Channel6_IRQHandler
                0x0000000008000b88                UART4_IRQHandler
                0x0000000008000b88                DMA2_Channel4_IRQHandler
                0x0000000008000b88                TIM3_IRQHandler
                0x0000000008000b88                RCC_IRQHandler
                0x0000000008000b88                Default_Handler
                0x0000000008000b88                RTC_TAMP_LSECSS_IRQHandler
                0x0000000008000b88                FMAC_IRQHandler
                0x0000000008000b88                TIM7_IRQHandler
                0x0000000008000b88                UCPD1_IRQHandler
                0x0000000008000b88                I2C3_EV_IRQHandler
                0x0000000008000b88                EXTI9_5_IRQHandler
                0x0000000008000b88                RTC_WKUP_IRQHandler
                0x0000000008000b88                PVD_PVM_IRQHandler
                0x0000000008000b88                SPI2_IRQHandler
                0x0000000008000b88                SVC_Handler
                0x0000000008000b88                DMA2_Channel5_IRQHandler
                0x0000000008000b88                CRS_IRQHandler
                0x0000000008000b88                DMA1_Channel5_IRQHandler
                0x0000000008000b88                USB_LP_IRQHandler
                0x0000000008000b88                EXTI4_IRQHandler
                0x0000000008000b88                RNG_IRQHandler
                0x0000000008000b88                TIM1_TRG_COM_TIM17_IRQHandler
                0x0000000008000b88                DMA1_Channel3_IRQHandler
                0x0000000008000b88                WWDG_IRQHandler
                0x0000000008000b88                LPUART1_IRQHandler
                0x0000000008000b88                DMA2_Channel6_IRQHandler
                0x0000000008000b88                FDCAN1_IT0_IRQHandler
                0x0000000008000b88                TIM2_IRQHandler
                0x0000000008000b88                COMP1_2_3_IRQHandler
                0x0000000008000b88                EXTI1_IRQHandler
                0x0000000008000b88                I2C2_ER_IRQHandler
                0x0000000008000b88                DMA1_Channel2_IRQHandler
                0x0000000008000b88                TIM8_BRK_IRQHandler
                0x0000000008000b88                FLASH_IRQHandler
                0x0000000008000b88                USART1_IRQHandler
                0x0000000008000b88                SPI3_IRQHandler
                0x0000000008000b88                I2C1_ER_IRQHandler
                0x0000000008000b88                LPTIM1_IRQHandler
                0x0000000008000b88                DMAMUX_OVR_IRQHandler
                0x0000000008000b88                USBWakeUp_IRQHandler
                0x0000000008000b88                SAI1_IRQHandler
                0x0000000008000b88                DMA2_Channel3_IRQHandler
                0x0000000008000b88                COMP4_IRQHandler
 .text.LL_ADC_REG_SetSequencerRanks
                0x0000000008000b8a       0x58 ./Application/User/6step_conf.o
 .text.LL_ADC_SetChannelSamplingTime
                0x0000000008000be2       0x56 ./Application/User/6step_conf.o
 .text.LL_ADC_StartCalibration
                0x0000000008000c38       0x32 ./Application/User/6step_conf.o
 .text.LL_ADC_IsCalibrationOnGoing
                0x0000000008000c6a       0x28 ./Application/User/6step_conf.o
 .text.LL_ADC_REG_StartConversion
                0x0000000008000c92       0x28 ./Application/User/6step_conf.o
 .text.LL_ADC_REG_StopConversion
                0x0000000008000cba       0x28 ./Application/User/6step_conf.o
 .text.LL_ADC_REG_IsConversionOngoing
                0x0000000008000ce2       0x26 ./Application/User/6step_conf.o
 .text.LL_ADC_REG_IsStopConversionOngoing
                0x0000000008000d08       0x26 ./Application/User/6step_conf.o
 .text.LL_TIM_EnableCounter
                0x0000000008000d2e       0x20 ./Application/User/6step_conf.o
 .text.LL_TIM_GetCounterMode
                0x0000000008000d4e       0x30 ./Application/User/6step_conf.o
 .text.LL_TIM_GetPrescaler
                0x0000000008000d7e       0x18 ./Application/User/6step_conf.o
 .text.LL_TIM_CC_EnableChannel
                0x0000000008000d96       0x22 ./Application/User/6step_conf.o
 .text.LL_TIM_OC_SetCompareCH1
                0x0000000008000db8       0x1c ./Application/User/6step_conf.o
 .text.LL_TIM_OC_SetCompareCH2
                0x0000000008000dd4       0x1c ./Application/User/6step_conf.o
 .text.LL_TIM_OC_SetCompareCH3
                0x0000000008000df0       0x1c ./Application/User/6step_conf.o
 .text.LL_TIM_OC_SetCompareCH4
                0x0000000008000e0c       0x1c ./Application/User/6step_conf.o
 .text.LL_TIM_EnableAllOutputs
                0x0000000008000e28       0x20 ./Application/User/6step_conf.o
 .text.LL_TIM_GenerateEvent_COM
                0x0000000008000e48       0x20 ./Application/User/6step_conf.o
 .text.LL_GPIO_SetOutputPin
                0x0000000008000e68       0x1c ./Application/User/6step_conf.o
 .text.LL_GPIO_ResetOutputPin
                0x0000000008000e84       0x1c ./Application/User/6step_conf.o
 .text.HAL_ADC_ConvCpltCallback
                0x0000000008000ea0       0x34 ./Application/User/6step_conf.o
                0x0000000008000ea0                HAL_ADC_ConvCpltCallback
 .text.HAL_SYSTICK_Callback
                0x0000000008000ed4       0x14 ./Application/User/6step_conf.o
                0x0000000008000ed4                HAL_SYSTICK_Callback
 .text.HAL_TIM_PeriodElapsedCallback
                0x0000000008000ee8       0x1c ./Application/User/6step_conf.o
                0x0000000008000ee8                HAL_TIM_PeriodElapsedCallback
 .text.HAL_GPIO_EXTI_Callback
                0x0000000008000f04       0x50 ./Application/User/6step_conf.o
                0x0000000008000f04                HAL_GPIO_EXTI_Callback
 .text.HAL_IncTick
                0x0000000008000f54       0x20 ./Application/User/6step_conf.o
                0x0000000008000f54                HAL_IncTick
 .text.MC_Core_LL_CalibrateAdc
                0x0000000008000f74       0x30 ./Application/User/6step_conf.o
                0x0000000008000f74                MC_Core_LL_CalibrateAdc
 .text.MC_Core_LL_ConfigureCommutationEvent
                0x0000000008000fa4       0x1e ./Application/User/6step_conf.o
                0x0000000008000fa4                MC_Core_LL_ConfigureCommutationEvent
 .text.MC_Core_LL_DisableIrq
                0x0000000008000fc2       0x12 ./Application/User/6step_conf.o
                0x0000000008000fc2                MC_Core_LL_DisableIrq
 .text.MC_Core_LL_EnableInputsHfPwmsStep14
                0x0000000008000fd4       0x2c ./Application/User/6step_conf.o
                0x0000000008000fd4                MC_Core_LL_EnableInputsHfPwmsStep14
 .text.MC_Core_LL_EnableInputsHfPwmsStep25
                0x0000000008001000       0x2c ./Application/User/6step_conf.o
                0x0000000008001000                MC_Core_LL_EnableInputsHfPwmsStep25
 .text.MC_Core_LL_EnableInputsHfPwmsStep36
                0x000000000800102c       0x2c ./Application/User/6step_conf.o
                0x000000000800102c                MC_Core_LL_EnableInputsHfPwmsStep36
 .text.MC_Core_LL_EnableIrq
                0x0000000008001058       0x12 ./Application/User/6step_conf.o
                0x0000000008001058                MC_Core_LL_EnableIrq
 .text.MC_Core_LL_Error
                0x000000000800106a       0x16 ./Application/User/6step_conf.o
                0x000000000800106a                MC_Core_LL_Error
 .text.MC_Core_LL_GenerateComEvent
                0x0000000008001080       0x1a ./Application/User/6step_conf.o
                0x0000000008001080                MC_Core_LL_GenerateComEvent
 .text.MC_Core_LL_GetGateDrivingPwmFrequency
                0x000000000800109a       0x5a ./Application/User/6step_conf.o
                0x000000000800109a                MC_Core_LL_GetGateDrivingPwmFrequency
 .text.MC_Core_LL_GetSysClockFrequency
                0x00000000080010f4        0xe ./Application/User/6step_conf.o
                0x00000000080010f4                MC_Core_LL_GetSysClockFrequency
 *fill*         0x0000000008001102        0x2 
 .text.MC_Core_LL_GetTemperatureCalibrationData
                0x0000000008001104       0x48 ./Application/User/6step_conf.o
                0x0000000008001104                MC_Core_LL_GetTemperatureCalibrationData
 .text.MC_Core_LL_GetTimerPeriod
                0x000000000800114c       0x1c ./Application/User/6step_conf.o
                0x000000000800114c                MC_Core_LL_GetTimerPeriod
 .text.MC_Core_LL_GetTimerPrescaler
                0x0000000008001168       0x1e ./Application/User/6step_conf.o
                0x0000000008001168                MC_Core_LL_GetTimerPrescaler
 *fill*         0x0000000008001186        0x2 
 .text.MC_Core_LL_ResetBemfGpio
                0x0000000008001188       0x24 ./Application/User/6step_conf.o
                0x0000000008001188                MC_Core_LL_ResetBemfGpio
 .text.MC_Core_LL_SetBemfGpio
                0x00000000080011ac       0x24 ./Application/User/6step_conf.o
                0x00000000080011ac                MC_Core_LL_SetBemfGpio
 .text.MC_Core_LL_SetDutyCyclePwmForAdcTrig
                0x00000000080011d0       0x94 ./Application/User/6step_conf.o
                0x00000000080011d0                MC_Core_LL_SetDutyCyclePwmForAdcTrig
 .text.MC_Core_LL_SetDutyCycleHfPwmForStepN
                0x0000000008001264       0x46 ./Application/User/6step_conf.o
                0x0000000008001264                MC_Core_LL_SetDutyCycleHfPwmForStepN
 .text.MC_Core_LL_SetDutyCycleHfPwms
                0x00000000080012aa       0x4c ./Application/User/6step_conf.o
                0x00000000080012aa                MC_Core_LL_SetDutyCycleHfPwms
 .text.MC_Core_LL_SetDutyCycleRefPwm
                0x00000000080012f6       0x22 ./Application/User/6step_conf.o
                0x00000000080012f6                MC_Core_LL_SetDutyCycleRefPwm
 .text.MC_Core_LL_SetPeriodTimer
                0x0000000008001318       0x26 ./Application/User/6step_conf.o
                0x0000000008001318                MC_Core_LL_SetPeriodTimer
 .text.MC_Core_LL_SetPrescalerTimer
                0x000000000800133e       0x20 ./Application/User/6step_conf.o
                0x000000000800133e                MC_Core_LL_SetPrescalerTimer
 .text.MC_Core_LL_SelectAdcChannel
                0x000000000800135e       0x84 ./Application/User/6step_conf.o
                0x000000000800135e                MC_Core_LL_SelectAdcChannel
 .text.MC_Core_LL_SelectAdcChannelDuringCallback
                0x00000000080013e2       0x60 ./Application/User/6step_conf.o
                0x00000000080013e2                MC_Core_LL_SelectAdcChannelDuringCallback
 .text.MC_Core_LL_SetAdcSamplingTime
                0x0000000008001442       0x22 ./Application/User/6step_conf.o
                0x0000000008001442                MC_Core_LL_SetAdcSamplingTime
 .text.MC_Core_LL_StartAdcIt
                0x0000000008001464       0x16 ./Application/User/6step_conf.o
                0x0000000008001464                MC_Core_LL_StartAdcIt
 .text.MC_Core_LL_StartHfPwms
                0x000000000800147a       0x4c ./Application/User/6step_conf.o
                0x000000000800147a                MC_Core_LL_StartHfPwms
 .text.MC_Core_LL_StartTimerIt
                0x00000000080014c6       0x20 ./Application/User/6step_conf.o
                0x00000000080014c6                MC_Core_LL_StartTimerIt
 .text.MC_Core_LL_StartRefPwm
                0x00000000080014e6       0x26 ./Application/User/6step_conf.o
                0x00000000080014e6                MC_Core_LL_StartRefPwm
 .text.MC_Core_LL_StopAdcIt
                0x000000000800150c       0x16 ./Application/User/6step_conf.o
                0x000000000800150c                MC_Core_LL_StopAdcIt
 .text.MC_Core_LL_StopHfPwms
                0x0000000008001522       0x52 ./Application/User/6step_conf.o
                0x0000000008001522                MC_Core_LL_StopHfPwms
 .text.MC_Core_LL_StopTimerIt
                0x0000000008001574       0x28 ./Application/User/6step_conf.o
                0x0000000008001574                MC_Core_LL_StopTimerIt
 .text.MC_Core_LL_StopRefPwm
                0x000000000800159c       0x20 ./Application/User/6step_conf.o
                0x000000000800159c                MC_Core_LL_StopRefPwm
 .text.MC_Core_LL_ToggleCommGpio
                0x00000000080015bc       0x20 ./Application/User/6step_conf.o
                0x00000000080015bc                MC_Core_LL_ToggleCommGpio
 .text.MC_Core_LL_ToggleZeroCrossingGpio
                0x00000000080015dc       0x20 ./Application/User/6step_conf.o
                0x00000000080015dc                MC_Core_LL_ToggleZeroCrossingGpio
 .text.MC_Core_ComputePulseValue
                0x00000000080015fc       0x28 ./Application/User/6step_core.o
                0x00000000080015fc                MC_Core_ComputePulseValue
 .text.MC_Core_Alignment
                0x0000000008001624       0x76 ./Application/User/6step_core.o
                0x0000000008001624                MC_Core_Alignment
 .text.MC_Core_LfTimerPeriodFilter
                0x000000000800169a       0xf0 ./Application/User/6step_core.o
                0x000000000800169a                MC_Core_LfTimerPeriodFilter
 *fill*         0x000000000800178a        0x2 
 .text.MC_Core_SixStepTable
                0x000000000800178c      0x128 ./Application/User/6step_core.o
                0x000000000800178c                MC_Core_SixStepTable
 .text.MC_Core_SpeedCompute
                0x00000000080018b4       0x5c ./Application/User/6step_core.o
                0x00000000080018b4                MC_Core_SpeedCompute
 .text.MC_Core_SpeedControl
                0x0000000008001910      0x12a ./Application/User/6step_core.o
                0x0000000008001910                MC_Core_SpeedControl
 *fill*         0x0000000008001a3a        0x2 
 .text.MC_Core_SpeedRegulatorReset
                0x0000000008001a3c       0x7c ./Application/User/6step_core.o
                0x0000000008001a3c                MC_Core_SpeedRegulatorReset
 .text.MC_Core_AssignTimers
                0x0000000008001ab8       0x5e ./Application/User/6step_core.o
                0x0000000008001ab8                MC_Core_AssignTimers
 .text.MC_Core_ConfigureUserAdc
                0x0000000008001b16       0x40 ./Application/User/6step_core.o
                0x0000000008001b16                MC_Core_ConfigureUserAdc
 .text.MC_Core_ConfigureUserAdcChannel
                0x0000000008001b56       0x6c ./Application/User/6step_core.o
                0x0000000008001b56                MC_Core_ConfigureUserAdcChannel
 .text.MC_Core_ConfigureUserButton
                0x0000000008001bc2       0x2e ./Application/User/6step_core.o
                0x0000000008001bc2                MC_Core_ConfigureUserButton
 .text.MC_Core_GetSpeed
                0x0000000008001bf0       0x18 ./Application/User/6step_core.o
                0x0000000008001bf0                MC_Core_GetSpeed
 .text.MC_Core_GetStatus
                0x0000000008001c08       0x18 ./Application/User/6step_core.o
                0x0000000008001c08                MC_Core_GetStatus
 .text.MC_Core_Init
                0x0000000008001c20       0xb0 ./Application/User/6step_core.o
                0x0000000008001c20                MC_Core_Init
 .text.MC_Core_SetAdcUserTrigTime
                0x0000000008001cd0       0x30 ./Application/User/6step_core.o
                0x0000000008001cd0                MC_Core_SetAdcUserTrigTime
 .text.MC_Core_SetDirection
                0x0000000008001d00       0x20 ./Application/User/6step_core.o
                0x0000000008001d00                MC_Core_SetDirection
 .text.MC_Core_SetGateDriverPwmFreq
                0x0000000008001d20       0xdc ./Application/User/6step_core.o
                0x0000000008001d20                MC_Core_SetGateDriverPwmFreq
 .text.MC_Core_SpeedFeedbackReset
                0x0000000008001dfc       0x54 ./Application/User/6step_core.o
                0x0000000008001dfc                MC_Core_SpeedFeedbackReset
 .text.MC_Core_ConfigureBemfAdc
                0x0000000008001e50       0x4e ./Application/User/6step_core.o
                0x0000000008001e50                MC_Core_ConfigureBemfAdc
 .text.MC_Core_ConfigureBemfAdcChannel
                0x0000000008001e9e       0x54 ./Application/User/6step_core.o
                0x0000000008001e9e                MC_Core_ConfigureBemfAdcChannel
 .text.MC_Core_LfTimerPeriodCompute
                0x0000000008001ef2       0xd6 ./Application/User/6step_core.o
                0x0000000008001ef2                MC_Core_LfTimerPeriodCompute
 .text.MC_Core_MediumFrequencyTask
                0x0000000008001fc8      0x1b8 ./Application/User/6step_core.o
                0x0000000008001fc8                MC_Core_MediumFrequencyTask
 .text.MC_Core_PrepareNextStep
                0x0000000008002180       0x8e ./Application/User/6step_core.o
                0x0000000008002180                MC_Core_PrepareNextStep
 .text.MC_Core_ProcessAdcMeasurement
                0x000000000800220e      0x2b8 ./Application/User/6step_core.o
                0x000000000800220e                MC_Core_ProcessAdcMeasurement
 .text.MC_Core_NextStep
                0x00000000080024c6      0x206 ./Application/User/6step_core.o
                0x00000000080024c6                MC_Core_NextStep
 .text.MC_Core_RampCalc
                0x00000000080026cc      0x1a0 ./Application/User/6step_core.o
                0x00000000080026cc                MC_Core_RampCalc
 .text.MC_Core_Reset
                0x000000000800286c      0x174 ./Application/User/6step_core.o
                0x000000000800286c                MC_Core_Reset
 .text.MC_Core_SetAdcBemfTrigTime
                0x00000000080029e0       0x30 ./Application/User/6step_core.o
                0x00000000080029e0                MC_Core_SetAdcBemfTrigTime
 .text.MC_Core_SetSpeed
                0x0000000008002a10       0x26 ./Application/User/6step_core.o
                0x0000000008002a10                MC_Core_SetSpeed
 .text.MC_Core_SetStartupDutyCycle
                0x0000000008002a36       0x2e ./Application/User/6step_core.o
                0x0000000008002a36                MC_Core_SetStartupDutyCycle
 .text.MC_Core_Start
                0x0000000008002a64       0xb4 ./Application/User/6step_core.o
                0x0000000008002a64                MC_Core_Start
 .text.MC_Core_Stop
                0x0000000008002b18       0x92 ./Application/User/6step_core.o
                0x0000000008002b18                MC_Core_Stop
 .text.LL_ADC_SetCommonPathInternalCh
                0x0000000008002baa       0x26 ./Application/User/6step_init.o
 .text.LL_TIM_OC_SetDeadTime
                0x0000000008002bd0       0x26 ./Application/User/6step_init.o
 *fill*         0x0000000008002bf6        0x2 
 .text.MCboot   0x0000000008002bf8      0x164 ./Application/User/6step_init.o
                0x0000000008002bf8                MCboot
 .text.MX_ADC1_Init
                0x0000000008002d5c       0xf4 ./Application/User/adc.o
                0x0000000008002d5c                MX_ADC1_Init
 .text.MX_ADC2_Init
                0x0000000008002e50       0xd0 ./Application/User/adc.o
                0x0000000008002e50                MX_ADC2_Init
 .text.HAL_ADC_MspInit
                0x0000000008002f20      0x164 ./Application/User/adc.o
                0x0000000008002f20                HAL_ADC_MspInit
 .text.MX_DAC1_Init
                0x0000000008003084       0x74 ./Application/User/dac.o
                0x0000000008003084                MX_DAC1_Init
 .text.HAL_DAC_MspInit
                0x00000000080030f8       0x7c ./Application/User/dac.o
                0x00000000080030f8                HAL_DAC_MspInit
 .text.MX_DMA_Init
                0x0000000008003174       0x48 ./Application/User/dma.o
                0x0000000008003174                MX_DMA_Init
 .text.MX_GPIO_Init
                0x00000000080031bc       0xfc ./Application/User/gpio.o
                0x00000000080031bc                MX_GPIO_Init
 .text.main     0x00000000080032b8       0x3a ./Application/User/main.o
                0x00000000080032b8                main
 .text.SystemClock_Config
                0x00000000080032f2       0xd0 ./Application/User/main.o
                0x00000000080032f2                SystemClock_Config
 .text.MX_NVIC_Init
                0x00000000080033c2       0x68 ./Application/User/main.o
 .text.Error_Handler
                0x000000000800342a        0xa ./Application/User/main.o
                0x000000000800342a                Error_Handler
 .text.MCP_Init
                0x0000000008003434       0x58 ./Application/User/motor_control_protocol.o
                0x0000000008003434                MCP_Init
 .text.MCP_OnTimeOut
                0x000000000800348c       0x16 ./Application/User/motor_control_protocol.o
                0x000000000800348c                MCP_OnTimeOut
 .text.MCP_WaitNextFrame
                0x00000000080034a2       0x30 ./Application/User/motor_control_protocol.o
                0x00000000080034a2                MCP_WaitNextFrame
 .text.MCP_SentFrame
                0x00000000080034d2       0x22 ./Application/User/motor_control_protocol.o
                0x00000000080034d2                MCP_SentFrame
 .text.MCP_ReceivedFrame
                0x00000000080034f4      0x8f0 ./Application/User/motor_control_protocol.o
                0x00000000080034f4                MCP_ReceivedFrame
 .text.MX_MotorControl_Init
                0x0000000008003de4       0x2c ./Application/User/motorcontrol.o
                0x0000000008003de4                MX_MotorControl_Init
 .text.HAL_MspInit
                0x0000000008003e10       0x48 ./Application/User/stm32g4xx_hal_msp.o
                0x0000000008003e10                HAL_MspInit
 .text.HardFault_Handler
                0x0000000008003e58        0x6 ./Application/User/stm32g4xx_it.o
                0x0000000008003e58                HardFault_Handler
 .text.MemManage_Handler
                0x0000000008003e5e        0x6 ./Application/User/stm32g4xx_it.o
                0x0000000008003e5e                MemManage_Handler
 .text.BusFault_Handler
                0x0000000008003e64        0x6 ./Application/User/stm32g4xx_it.o
                0x0000000008003e64                BusFault_Handler
 .text.UsageFault_Handler
                0x0000000008003e6a        0x6 ./Application/User/stm32g4xx_it.o
                0x0000000008003e6a                UsageFault_Handler
 .text.DebugMon_Handler
                0x0000000008003e70        0xe ./Application/User/stm32g4xx_it.o
                0x0000000008003e70                DebugMon_Handler
 *fill*         0x0000000008003e7e        0x2 
 .text.DMA1_Channel1_IRQHandler
                0x0000000008003e80       0x14 ./Application/User/stm32g4xx_it.o
                0x0000000008003e80                DMA1_Channel1_IRQHandler
 .text.ADC1_2_IRQHandler
                0x0000000008003e94       0x1c ./Application/User/stm32g4xx_it.o
                0x0000000008003e94                ADC1_2_IRQHandler
 .text.TIM4_IRQHandler
                0x0000000008003eb0       0x14 ./Application/User/stm32g4xx_it.o
                0x0000000008003eb0                TIM4_IRQHandler
 .text.EXTI15_10_IRQHandler
                0x0000000008003ec4       0x10 ./Application/User/stm32g4xx_it.o
                0x0000000008003ec4                EXTI15_10_IRQHandler
 .text.LL_USART_IsActiveFlag_ORE
                0x0000000008003ed4       0x26 ./Application/User/stm32g4xx_mc_it.o
 .text.LL_USART_IsActiveFlag_RXNE_RXFNE
                0x0000000008003efa       0x26 ./Application/User/stm32g4xx_mc_it.o
 .text.LL_USART_IsActiveFlag_TXE_TXFNF
                0x0000000008003f20       0x26 ./Application/User/stm32g4xx_mc_it.o
 .text.LL_USART_ClearFlag_ORE
                0x0000000008003f46       0x1a ./Application/User/stm32g4xx_mc_it.o
 .text.LL_USART_ReceiveData8
                0x0000000008003f60       0x1a ./Application/User/stm32g4xx_mc_it.o
 *fill*         0x0000000008003f7a        0x2 
 .text.USART2_IRQHandler
                0x0000000008003f7c       0x74 ./Application/User/stm32g4xx_mc_it.o
                0x0000000008003f7c                USART2_IRQHandler
 .text.SysTick_Handler
                0x0000000008003ff0       0x10 ./Application/User/stm32g4xx_mc_it.o
                0x0000000008003ff0                SysTick_Handler
 .text.TIM1_BRK_TIM15_IRQHandler
                0x0000000008004000       0x24 ./Application/User/stm32g4xx_mc_it.o
                0x0000000008004000                TIM1_BRK_TIM15_IRQHandler
 .text.MX_TIM1_Init
                0x0000000008004024      0x20c ./Application/User/tim.o
                0x0000000008004024                MX_TIM1_Init
 .text.MX_TIM3_Init
                0x0000000008004230      0x11c ./Application/User/tim.o
                0x0000000008004230                MX_TIM3_Init
 .text.MX_TIM4_Init
                0x000000000800434c       0x9c ./Application/User/tim.o
                0x000000000800434c                MX_TIM4_Init
 .text.HAL_TIM_Base_MspInit
                0x00000000080043e8       0xd8 ./Application/User/tim.o
                0x00000000080043e8                HAL_TIM_Base_MspInit
 .text.HAL_TIM_MspPostInit
                0x00000000080044c0       0xbc ./Application/User/tim.o
                0x00000000080044c0                HAL_TIM_MspPostInit
 .text.UI_TaskInit
                0x000000000800457c       0x78 ./Application/User/ui_task.o
                0x000000000800457c                UI_TaskInit
 .text.MX_USART2_UART_Init
                0x00000000080045f4       0x98 ./Application/User/usart.o
                0x00000000080045f4                MX_USART2_UART_Init
 .text.HAL_UART_MspInit
                0x000000000800468c      0x118 ./Application/User/usart.o
                0x000000000800468c                HAL_UART_MspInit
 .text.UI_Init  0x00000000080047a4       0x34 ./Application/User/user_interface.o
                0x00000000080047a4                UI_Init
 .text.UI_SelectMC
                0x00000000080047d8       0x34 ./Application/User/user_interface.o
                0x00000000080047d8                UI_SelectMC
 .text.UI_GetSelectedMC
                0x000000000800480c       0x18 ./Application/User/user_interface.o
                0x000000000800480c                UI_GetSelectedMC
 .text.UI_SetReg
                0x0000000008004824       0xb8 ./Application/User/user_interface.o
                0x0000000008004824                UI_SetReg
 *fill*         0x00000000080048dc        0x4 
 .text.UI_GetReg
                0x00000000080048e0      0x2e4 ./Application/User/user_interface.o
                0x00000000080048e0                UI_GetReg
 .text.UI_ExecCmd
                0x0000000008004bc4      0x150 ./Application/User/user_interface.o
                0x0000000008004bc4                UI_ExecCmd
 .text.UI_ExecSpeedRamp
                0x0000000008004d14       0x56 ./Application/User/user_interface.o
                0x0000000008004d14                UI_ExecSpeedRamp
 *fill*         0x0000000008004d6a        0x2 
 .text.SystemInit
                0x0000000008004d6c       0x24 ./Drivers/CMSIS/system_stm32g4xx.o
                0x0000000008004d6c                SystemInit
 .text.HAL_Init
                0x0000000008004d90       0x40 ./Drivers/STM32G4xx_HAL_Driver/stm32g4xx_hal.o
                0x0000000008004d90                HAL_Init
 .text.HAL_InitTick
                0x0000000008004dd0       0x74 ./Drivers/STM32G4xx_HAL_Driver/stm32g4xx_hal.o
                0x0000000008004dd0                HAL_InitTick
 .text.HAL_GetTick
                0x0000000008004e44       0x18 ./Drivers/STM32G4xx_HAL_Driver/stm32g4xx_hal.o
                0x0000000008004e44                HAL_GetTick
 .text.HAL_Delay
                0x0000000008004e5c       0x44 ./Drivers/STM32G4xx_HAL_Driver/stm32g4xx_hal.o
                0x0000000008004e5c                HAL_Delay
 .text.LL_ADC_SetCommonClock
                0x0000000008004ea0       0x26 ./Drivers/STM32G4xx_HAL_Driver/stm32g4xx_hal_adc.o
 .text.LL_ADC_SetCommonPathInternalCh
                0x0000000008004ec6       0x26 ./Drivers/STM32G4xx_HAL_Driver/stm32g4xx_hal_adc.o
 .text.LL_ADC_GetCommonPathInternalCh
                0x0000000008004eec       0x1c ./Drivers/STM32G4xx_HAL_Driver/stm32g4xx_hal_adc.o
 .text.LL_ADC_SetOffset
                0x0000000008004f08       0x48 ./Drivers/STM32G4xx_HAL_Driver/stm32g4xx_hal_adc.o
 .text.LL_ADC_GetOffsetChannel
                0x0000000008004f50       0x2c ./Drivers/STM32G4xx_HAL_Driver/stm32g4xx_hal_adc.o
 .text.LL_ADC_SetOffsetState
                0x0000000008004f7c       0x36 ./Drivers/STM32G4xx_HAL_Driver/stm32g4xx_hal_adc.o
 .text.LL_ADC_SetOffsetSign
                0x0000000008004fb2       0x36 ./Drivers/STM32G4xx_HAL_Driver/stm32g4xx_hal_adc.o
 .text.LL_ADC_SetOffsetSaturation
                0x0000000008004fe8       0x36 ./Drivers/STM32G4xx_HAL_Driver/stm32g4xx_hal_adc.o
 .text.LL_ADC_SetSamplingTimeCommonConfig
                0x000000000800501e       0x26 ./Drivers/STM32G4xx_HAL_Driver/stm32g4xx_hal_adc.o
 .text.LL_ADC_REG_IsTriggerSourceSWStart
                0x0000000008005044       0x26 ./Drivers/STM32G4xx_HAL_Driver/stm32g4xx_hal_adc.o
 .text.LL_ADC_REG_SetSequencerRanks
                0x000000000800506a       0x58 ./Drivers/STM32G4xx_HAL_Driver/stm32g4xx_hal_adc.o
 .text.LL_ADC_INJ_IsTriggerSourceSWStart
                0x00000000080050c2       0x26 ./Drivers/STM32G4xx_HAL_Driver/stm32g4xx_hal_adc.o
 .text.LL_ADC_SetChannelSamplingTime
                0x00000000080050e8       0x56 ./Drivers/STM32G4xx_HAL_Driver/stm32g4xx_hal_adc.o
 *fill*         0x000000000800513e        0x2 
 .text.LL_ADC_SetChannelSingleDiff
                0x0000000008005140       0x50 ./Drivers/STM32G4xx_HAL_Driver/stm32g4xx_hal_adc.o
 .text.LL_ADC_GetMultimode
                0x0000000008005190       0x1c ./Drivers/STM32G4xx_HAL_Driver/stm32g4xx_hal_adc.o
 .text.LL_ADC_GetMultiDMATransfer
                0x00000000080051ac       0x1c ./Drivers/STM32G4xx_HAL_Driver/stm32g4xx_hal_adc.o
 .text.LL_ADC_DisableDeepPowerDown
                0x00000000080051c8       0x24 ./Drivers/STM32G4xx_HAL_Driver/stm32g4xx_hal_adc.o
 .text.LL_ADC_IsDeepPowerDownEnabled
                0x00000000080051ec       0x28 ./Drivers/STM32G4xx_HAL_Driver/stm32g4xx_hal_adc.o
 .text.LL_ADC_EnableInternalRegulator
                0x0000000008005214       0x28 ./Drivers/STM32G4xx_HAL_Driver/stm32g4xx_hal_adc.o
 .text.LL_ADC_IsInternalRegulatorEnabled
                0x000000000800523c       0x28 ./Drivers/STM32G4xx_HAL_Driver/stm32g4xx_hal_adc.o
 .text.LL_ADC_Enable
                0x0000000008005264       0x28 ./Drivers/STM32G4xx_HAL_Driver/stm32g4xx_hal_adc.o
 .text.LL_ADC_Disable
                0x000000000800528c       0x28 ./Drivers/STM32G4xx_HAL_Driver/stm32g4xx_hal_adc.o
 .text.LL_ADC_IsEnabled
                0x00000000080052b4       0x26 ./Drivers/STM32G4xx_HAL_Driver/stm32g4xx_hal_adc.o
 .text.LL_ADC_IsDisableOngoing
                0x00000000080052da       0x26 ./Drivers/STM32G4xx_HAL_Driver/stm32g4xx_hal_adc.o
 .text.LL_ADC_REG_StartConversion
                0x0000000008005300       0x28 ./Drivers/STM32G4xx_HAL_Driver/stm32g4xx_hal_adc.o
 .text.LL_ADC_REG_StopConversion
                0x0000000008005328       0x28 ./Drivers/STM32G4xx_HAL_Driver/stm32g4xx_hal_adc.o
 .text.LL_ADC_REG_IsConversionOngoing
                0x0000000008005350       0x26 ./Drivers/STM32G4xx_HAL_Driver/stm32g4xx_hal_adc.o
 .text.LL_ADC_INJ_StopConversion
                0x0000000008005376       0x28 ./Drivers/STM32G4xx_HAL_Driver/stm32g4xx_hal_adc.o
 .text.LL_ADC_INJ_IsConversionOngoing
                0x000000000800539e       0x26 ./Drivers/STM32G4xx_HAL_Driver/stm32g4xx_hal_adc.o
 .text.HAL_ADC_Init
                0x00000000080053c4      0x314 ./Drivers/STM32G4xx_HAL_Driver/stm32g4xx_hal_adc.o
                0x00000000080053c4                HAL_ADC_Init
 .text.HAL_ADC_Start_IT
                0x00000000080056d8      0x264 ./Drivers/STM32G4xx_HAL_Driver/stm32g4xx_hal_adc.o
                0x00000000080056d8                HAL_ADC_Start_IT
 .text.HAL_ADC_Stop_IT
                0x000000000800593c       0x76 ./Drivers/STM32G4xx_HAL_Driver/stm32g4xx_hal_adc.o
                0x000000000800593c                HAL_ADC_Stop_IT
 .text.HAL_ADC_GetValue
                0x00000000080059b2       0x1a ./Drivers/STM32G4xx_HAL_Driver/stm32g4xx_hal_adc.o
                0x00000000080059b2                HAL_ADC_GetValue
 .text.HAL_ADC_IRQHandler
                0x00000000080059cc      0x434 ./Drivers/STM32G4xx_HAL_Driver/stm32g4xx_hal_adc.o
                0x00000000080059cc                HAL_ADC_IRQHandler
 .text.HAL_ADC_LevelOutOfWindowCallback
                0x0000000008005e00       0x14 ./Drivers/STM32G4xx_HAL_Driver/stm32g4xx_hal_adc.o
                0x0000000008005e00                HAL_ADC_LevelOutOfWindowCallback
 .text.HAL_ADC_ErrorCallback
                0x0000000008005e14       0x14 ./Drivers/STM32G4xx_HAL_Driver/stm32g4xx_hal_adc.o
                0x0000000008005e14                HAL_ADC_ErrorCallback
 .text.HAL_ADC_ConfigChannel
                0x0000000008005e28      0x7e0 ./Drivers/STM32G4xx_HAL_Driver/stm32g4xx_hal_adc.o
                0x0000000008005e28                HAL_ADC_ConfigChannel
 .text.ADC_ConversionStop
                0x0000000008006608      0x178 ./Drivers/STM32G4xx_HAL_Driver/stm32g4xx_hal_adc.o
                0x0000000008006608                ADC_ConversionStop
 .text.ADC_Enable
                0x0000000008006780       0xc4 ./Drivers/STM32G4xx_HAL_Driver/stm32g4xx_hal_adc.o
                0x0000000008006780                ADC_Enable
 .text.ADC_Disable
                0x0000000008006844       0xbe ./Drivers/STM32G4xx_HAL_Driver/stm32g4xx_hal_adc.o
                0x0000000008006844                ADC_Disable
 .text.LL_ADC_IsEnabled
                0x0000000008006902       0x26 ./Drivers/STM32G4xx_HAL_Driver/stm32g4xx_hal_adc_ex.o
 .text.LL_ADC_REG_IsConversionOngoing
                0x0000000008006928       0x26 ./Drivers/STM32G4xx_HAL_Driver/stm32g4xx_hal_adc_ex.o
 .text.HAL_ADCEx_InjectedConvCpltCallback
                0x000000000800694e       0x14 ./Drivers/STM32G4xx_HAL_Driver/stm32g4xx_hal_adc_ex.o
                0x000000000800694e                HAL_ADCEx_InjectedConvCpltCallback
 .text.HAL_ADCEx_InjectedQueueOverflowCallback
                0x0000000008006962       0x14 ./Drivers/STM32G4xx_HAL_Driver/stm32g4xx_hal_adc_ex.o
                0x0000000008006962                HAL_ADCEx_InjectedQueueOverflowCallback
 .text.HAL_ADCEx_LevelOutOfWindow2Callback
                0x0000000008006976       0x14 ./Drivers/STM32G4xx_HAL_Driver/stm32g4xx_hal_adc_ex.o
                0x0000000008006976                HAL_ADCEx_LevelOutOfWindow2Callback
 .text.HAL_ADCEx_LevelOutOfWindow3Callback
                0x000000000800698a       0x14 ./Drivers/STM32G4xx_HAL_Driver/stm32g4xx_hal_adc_ex.o
                0x000000000800698a                HAL_ADCEx_LevelOutOfWindow3Callback
 .text.HAL_ADCEx_EndOfSamplingCallback
                0x000000000800699e       0x14 ./Drivers/STM32G4xx_HAL_Driver/stm32g4xx_hal_adc_ex.o
                0x000000000800699e                HAL_ADCEx_EndOfSamplingCallback
 *fill*         0x00000000080069b2        0x2 
 .text.HAL_ADCEx_MultiModeConfigChannel
                0x00000000080069b4      0x148 ./Drivers/STM32G4xx_HAL_Driver/stm32g4xx_hal_adc_ex.o
                0x00000000080069b4                HAL_ADCEx_MultiModeConfigChannel
 .text.__NVIC_SetPriorityGrouping
                0x0000000008006afc       0x48 ./Drivers/STM32G4xx_HAL_Driver/stm32g4xx_hal_cortex.o
 .text.__NVIC_GetPriorityGrouping
                0x0000000008006b44       0x1c ./Drivers/STM32G4xx_HAL_Driver/stm32g4xx_hal_cortex.o
 .text.__NVIC_EnableIRQ
                0x0000000008006b60       0x3c ./Drivers/STM32G4xx_HAL_Driver/stm32g4xx_hal_cortex.o
 .text.__NVIC_SetPriority
                0x0000000008006b9c       0x54 ./Drivers/STM32G4xx_HAL_Driver/stm32g4xx_hal_cortex.o
 .text.NVIC_EncodePriority
                0x0000000008006bf0       0x66 ./Drivers/STM32G4xx_HAL_Driver/stm32g4xx_hal_cortex.o
 *fill*         0x0000000008006c56        0x2 
 .text.SysTick_Config
                0x0000000008006c58       0x44 ./Drivers/STM32G4xx_HAL_Driver/stm32g4xx_hal_cortex.o
 .text.HAL_NVIC_SetPriorityGrouping
                0x0000000008006c9c       0x16 ./Drivers/STM32G4xx_HAL_Driver/stm32g4xx_hal_cortex.o
                0x0000000008006c9c                HAL_NVIC_SetPriorityGrouping
 .text.HAL_NVIC_SetPriority
                0x0000000008006cb2       0x34 ./Drivers/STM32G4xx_HAL_Driver/stm32g4xx_hal_cortex.o
                0x0000000008006cb2                HAL_NVIC_SetPriority
 .text.HAL_NVIC_EnableIRQ
                0x0000000008006ce6       0x1c ./Drivers/STM32G4xx_HAL_Driver/stm32g4xx_hal_cortex.o
                0x0000000008006ce6                HAL_NVIC_EnableIRQ
 .text.HAL_SYSTICK_Config
                0x0000000008006d02       0x18 ./Drivers/STM32G4xx_HAL_Driver/stm32g4xx_hal_cortex.o
                0x0000000008006d02                HAL_SYSTICK_Config
 .text.HAL_SYSTICK_IRQHandler
                0x0000000008006d1a        0xc ./Drivers/STM32G4xx_HAL_Driver/stm32g4xx_hal_cortex.o
                0x0000000008006d1a                HAL_SYSTICK_IRQHandler
 .text.HAL_DAC_Init
                0x0000000008006d26       0x44 ./Drivers/STM32G4xx_HAL_Driver/stm32g4xx_hal_dac.o
                0x0000000008006d26                HAL_DAC_Init
 *fill*         0x0000000008006d6a        0x2 
 .text.HAL_DAC_ConfigChannel
                0x0000000008006d6c      0x350 ./Drivers/STM32G4xx_HAL_Driver/stm32g4xx_hal_dac.o
                0x0000000008006d6c                HAL_DAC_ConfigChannel
 .text.HAL_DMA_Init
                0x00000000080070bc      0x150 ./Drivers/STM32G4xx_HAL_Driver/stm32g4xx_hal_dma.o
                0x00000000080070bc                HAL_DMA_Init
 .text.HAL_DMA_IRQHandler
                0x000000000800720c      0x15e ./Drivers/STM32G4xx_HAL_Driver/stm32g4xx_hal_dma.o
                0x000000000800720c                HAL_DMA_IRQHandler
 *fill*         0x000000000800736a        0x2 
 .text.DMA_CalcDMAMUXChannelBaseAndMask
                0x000000000800736c       0x7c ./Drivers/STM32G4xx_HAL_Driver/stm32g4xx_hal_dma.o
 .text.DMA_CalcDMAMUXRequestGenBaseAndMask
                0x00000000080073e8       0x48 ./Drivers/STM32G4xx_HAL_Driver/stm32g4xx_hal_dma.o
 .text.HAL_DMAEx_ConfigMuxSync
                0x0000000008007430       0x7c ./Drivers/STM32G4xx_HAL_Driver/stm32g4xx_hal_dma_ex.o
                0x0000000008007430                HAL_DMAEx_ConfigMuxSync
 .text.HAL_GPIO_Init
                0x00000000080074ac      0x304 ./Drivers/STM32G4xx_HAL_Driver/stm32g4xx_hal_gpio.o
                0x00000000080074ac                HAL_GPIO_Init
 .text.HAL_GPIO_DeInit
                0x00000000080077b0      0x1c4 ./Drivers/STM32G4xx_HAL_Driver/stm32g4xx_hal_gpio.o
                0x00000000080077b0                HAL_GPIO_DeInit
 .text.HAL_GPIO_ReadPin
                0x0000000008007974       0x30 ./Drivers/STM32G4xx_HAL_Driver/stm32g4xx_hal_gpio.o
                0x0000000008007974                HAL_GPIO_ReadPin
 .text.HAL_GPIO_WritePin
                0x00000000080079a4       0x30 ./Drivers/STM32G4xx_HAL_Driver/stm32g4xx_hal_gpio.o
                0x00000000080079a4                HAL_GPIO_WritePin
 .text.HAL_GPIO_TogglePin
                0x00000000080079d4       0x34 ./Drivers/STM32G4xx_HAL_Driver/stm32g4xx_hal_gpio.o
                0x00000000080079d4                HAL_GPIO_TogglePin
 .text.HAL_GPIO_EXTI_IRQHandler
                0x0000000008007a08       0x30 ./Drivers/STM32G4xx_HAL_Driver/stm32g4xx_hal_gpio.o
                0x0000000008007a08                HAL_GPIO_EXTI_IRQHandler
 .text.HAL_PWREx_ControlVoltageScaling
                0x0000000008007a38      0x148 ./Drivers/STM32G4xx_HAL_Driver/stm32g4xx_hal_pwr_ex.o
                0x0000000008007a38                HAL_PWREx_ControlVoltageScaling
 .text.HAL_PWREx_DisableUCPDDeadBattery
                0x0000000008007b80       0x20 ./Drivers/STM32G4xx_HAL_Driver/stm32g4xx_hal_pwr_ex.o
                0x0000000008007b80                HAL_PWREx_DisableUCPDDeadBattery
 .text.HAL_RCC_OscConfig
                0x0000000008007ba0      0x630 ./Drivers/STM32G4xx_HAL_Driver/stm32g4xx_hal_rcc.o
                0x0000000008007ba0                HAL_RCC_OscConfig
 .text.HAL_RCC_ClockConfig
                0x00000000080081d0      0x278 ./Drivers/STM32G4xx_HAL_Driver/stm32g4xx_hal_rcc.o
                0x00000000080081d0                HAL_RCC_ClockConfig
 .text.HAL_RCC_GetSysClockFreq
                0x0000000008008448       0xc4 ./Drivers/STM32G4xx_HAL_Driver/stm32g4xx_hal_rcc.o
                0x0000000008008448                HAL_RCC_GetSysClockFreq
 .text.HAL_RCC_GetHCLKFreq
                0x000000000800850c       0x18 ./Drivers/STM32G4xx_HAL_Driver/stm32g4xx_hal_rcc.o
                0x000000000800850c                HAL_RCC_GetHCLKFreq
 .text.HAL_RCC_GetPCLK1Freq
                0x0000000008008524       0x2c ./Drivers/STM32G4xx_HAL_Driver/stm32g4xx_hal_rcc.o
                0x0000000008008524                HAL_RCC_GetPCLK1Freq
 .text.HAL_RCC_GetPCLK2Freq
                0x0000000008008550       0x2c ./Drivers/STM32G4xx_HAL_Driver/stm32g4xx_hal_rcc.o
                0x0000000008008550                HAL_RCC_GetPCLK2Freq
 .text.HAL_RCC_EnableCSS
                0x000000000800857c       0x20 ./Drivers/STM32G4xx_HAL_Driver/stm32g4xx_hal_rcc.o
                0x000000000800857c                HAL_RCC_EnableCSS
 .text.RCC_GetSysClockFreqFromPLLSource
                0x000000000800859c       0x8c ./Drivers/STM32G4xx_HAL_Driver/stm32g4xx_hal_rcc.o
 .text.HAL_RCCEx_PeriphCLKConfig
                0x0000000008008628      0x3e0 ./Drivers/STM32G4xx_HAL_Driver/stm32g4xx_hal_rcc_ex.o
                0x0000000008008628                HAL_RCCEx_PeriphCLKConfig
 .text.HAL_TIM_Base_Init
                0x0000000008008a08       0xae ./Drivers/STM32G4xx_HAL_Driver/stm32g4xx_hal_tim.o
                0x0000000008008a08                HAL_TIM_Base_Init
 *fill*         0x0000000008008ab6        0x2 
 .text.HAL_TIM_Base_Start_IT
                0x0000000008008ab8       0xd4 ./Drivers/STM32G4xx_HAL_Driver/stm32g4xx_hal_tim.o
                0x0000000008008ab8                HAL_TIM_Base_Start_IT
 .text.HAL_TIM_Base_Stop_IT
                0x0000000008008b8c       0x5e ./Drivers/STM32G4xx_HAL_Driver/stm32g4xx_hal_tim.o
                0x0000000008008b8c                HAL_TIM_Base_Stop_IT
 .text.HAL_TIM_PWM_Init
                0x0000000008008bea       0xae ./Drivers/STM32G4xx_HAL_Driver/stm32g4xx_hal_tim.o
                0x0000000008008bea                HAL_TIM_PWM_Init
 .text.HAL_TIM_PWM_MspInit
                0x0000000008008c98       0x14 ./Drivers/STM32G4xx_HAL_Driver/stm32g4xx_hal_tim.o
                0x0000000008008c98                HAL_TIM_PWM_MspInit
 .text.HAL_TIM_PWM_Stop
                0x0000000008008cac      0x12c ./Drivers/STM32G4xx_HAL_Driver/stm32g4xx_hal_tim.o
                0x0000000008008cac                HAL_TIM_PWM_Stop
 .text.HAL_TIM_IRQHandler
                0x0000000008008dd8      0x2fe ./Drivers/STM32G4xx_HAL_Driver/stm32g4xx_hal_tim.o
                0x0000000008008dd8                HAL_TIM_IRQHandler
 *fill*         0x00000000080090d6        0x2 
 .text.HAL_TIM_PWM_ConfigChannel
                0x00000000080090d8      0x228 ./Drivers/STM32G4xx_HAL_Driver/stm32g4xx_hal_tim.o
                0x00000000080090d8                HAL_TIM_PWM_ConfigChannel
 .text.HAL_TIM_ConfigClockSource
                0x0000000008009300      0x1f4 ./Drivers/STM32G4xx_HAL_Driver/stm32g4xx_hal_tim.o
                0x0000000008009300                HAL_TIM_ConfigClockSource
 .text.HAL_TIM_SlaveConfigSynchro
                0x00000000080094f4       0x84 ./Drivers/STM32G4xx_HAL_Driver/stm32g4xx_hal_tim.o
                0x00000000080094f4                HAL_TIM_SlaveConfigSynchro
 .text.HAL_TIM_OC_DelayElapsedCallback
                0x0000000008009578       0x14 ./Drivers/STM32G4xx_HAL_Driver/stm32g4xx_hal_tim.o
                0x0000000008009578                HAL_TIM_OC_DelayElapsedCallback
 .text.HAL_TIM_IC_CaptureCallback
                0x000000000800958c       0x14 ./Drivers/STM32G4xx_HAL_Driver/stm32g4xx_hal_tim.o
                0x000000000800958c                HAL_TIM_IC_CaptureCallback
 .text.HAL_TIM_PWM_PulseFinishedCallback
                0x00000000080095a0       0x14 ./Drivers/STM32G4xx_HAL_Driver/stm32g4xx_hal_tim.o
                0x00000000080095a0                HAL_TIM_PWM_PulseFinishedCallback
 .text.HAL_TIM_TriggerCallback
                0x00000000080095b4       0x14 ./Drivers/STM32G4xx_HAL_Driver/stm32g4xx_hal_tim.o
                0x00000000080095b4                HAL_TIM_TriggerCallback
 .text.TIM_Base_SetConfig
                0x00000000080095c8      0x120 ./Drivers/STM32G4xx_HAL_Driver/stm32g4xx_hal_tim.o
                0x00000000080095c8                TIM_Base_SetConfig
 .text.TIM_OC1_SetConfig
                0x00000000080096e8      0x120 ./Drivers/STM32G4xx_HAL_Driver/stm32g4xx_hal_tim.o
 .text.TIM_OC2_SetConfig
                0x0000000008009808      0x114 ./Drivers/STM32G4xx_HAL_Driver/stm32g4xx_hal_tim.o
                0x0000000008009808                TIM_OC2_SetConfig
 .text.TIM_OC3_SetConfig
                0x000000000800991c      0x110 ./Drivers/STM32G4xx_HAL_Driver/stm32g4xx_hal_tim.o
 .text.TIM_OC4_SetConfig
                0x0000000008009a2c      0x114 ./Drivers/STM32G4xx_HAL_Driver/stm32g4xx_hal_tim.o
 .text.TIM_OC5_SetConfig
                0x0000000008009b40       0xc8 ./Drivers/STM32G4xx_HAL_Driver/stm32g4xx_hal_tim.o
 .text.TIM_OC6_SetConfig
                0x0000000008009c08       0xcc ./Drivers/STM32G4xx_HAL_Driver/stm32g4xx_hal_tim.o
 .text.TIM_SlaveTimer_SetConfig
                0x0000000008009cd4      0x188 ./Drivers/STM32G4xx_HAL_Driver/stm32g4xx_hal_tim.o
 .text.TIM_TI1_ConfigInputStage
                0x0000000008009e5c       0x5e ./Drivers/STM32G4xx_HAL_Driver/stm32g4xx_hal_tim.o
 .text.TIM_TI2_ConfigInputStage
                0x0000000008009eba       0x60 ./Drivers/STM32G4xx_HAL_Driver/stm32g4xx_hal_tim.o
 .text.TIM_ITRx_SetConfig
                0x0000000008009f1a       0x3a ./Drivers/STM32G4xx_HAL_Driver/stm32g4xx_hal_tim.o
 .text.TIM_ETR_SetConfig
                0x0000000008009f54       0x40 ./Drivers/STM32G4xx_HAL_Driver/stm32g4xx_hal_tim.o
                0x0000000008009f54                TIM_ETR_SetConfig
 .text.TIM_CCxChannelCmd
                0x0000000008009f94       0x4a ./Drivers/STM32G4xx_HAL_Driver/stm32g4xx_hal_tim.o
                0x0000000008009f94                TIM_CCxChannelCmd
 *fill*         0x0000000008009fde        0x2 
 .text.HAL_TIMEx_ConfigCommutEvent
                0x0000000008009fe0       0xfc ./Drivers/STM32G4xx_HAL_Driver/stm32g4xx_hal_tim_ex.o
                0x0000000008009fe0                HAL_TIMEx_ConfigCommutEvent
 .text.HAL_TIMEx_MasterConfigSynchronization
                0x000000000800a0dc      0x104 ./Drivers/STM32G4xx_HAL_Driver/stm32g4xx_hal_tim_ex.o
                0x000000000800a0dc                HAL_TIMEx_MasterConfigSynchronization
 .text.HAL_TIMEx_ConfigBreakDeadTime
                0x000000000800a1e0      0x140 ./Drivers/STM32G4xx_HAL_Driver/stm32g4xx_hal_tim_ex.o
                0x000000000800a1e0                HAL_TIMEx_ConfigBreakDeadTime
 .text.HAL_TIMEx_ConfigBreakInput
                0x000000000800a320      0x1b0 ./Drivers/STM32G4xx_HAL_Driver/stm32g4xx_hal_tim_ex.o
                0x000000000800a320                HAL_TIMEx_ConfigBreakInput
 .text.HAL_TIMEx_CommutCallback
                0x000000000800a4d0       0x14 ./Drivers/STM32G4xx_HAL_Driver/stm32g4xx_hal_tim_ex.o
                0x000000000800a4d0                HAL_TIMEx_CommutCallback
 .text.HAL_TIMEx_BreakCallback
                0x000000000800a4e4       0x14 ./Drivers/STM32G4xx_HAL_Driver/stm32g4xx_hal_tim_ex.o
                0x000000000800a4e4                HAL_TIMEx_BreakCallback
 .text.HAL_TIMEx_Break2Callback
                0x000000000800a4f8       0x14 ./Drivers/STM32G4xx_HAL_Driver/stm32g4xx_hal_tim_ex.o
                0x000000000800a4f8                HAL_TIMEx_Break2Callback
 .text.HAL_TIMEx_EncoderIndexCallback
                0x000000000800a50c       0x14 ./Drivers/STM32G4xx_HAL_Driver/stm32g4xx_hal_tim_ex.o
                0x000000000800a50c                HAL_TIMEx_EncoderIndexCallback
 .text.HAL_TIMEx_DirectionChangeCallback
                0x000000000800a520       0x14 ./Drivers/STM32G4xx_HAL_Driver/stm32g4xx_hal_tim_ex.o
                0x000000000800a520                HAL_TIMEx_DirectionChangeCallback
 .text.HAL_TIMEx_IndexErrorCallback
                0x000000000800a534       0x14 ./Drivers/STM32G4xx_HAL_Driver/stm32g4xx_hal_tim_ex.o
                0x000000000800a534                HAL_TIMEx_IndexErrorCallback
 .text.HAL_TIMEx_TransitionErrorCallback
                0x000000000800a548       0x14 ./Drivers/STM32G4xx_HAL_Driver/stm32g4xx_hal_tim_ex.o
                0x000000000800a548                HAL_TIMEx_TransitionErrorCallback
 .text.HAL_UART_Init
                0x000000000800a55c       0xa0 ./Drivers/STM32G4xx_HAL_Driver/stm32g4xx_hal_uart.o
                0x000000000800a55c                HAL_UART_Init
 .text.UART_SetConfig
                0x000000000800a5fc      0x598 ./Drivers/STM32G4xx_HAL_Driver/stm32g4xx_hal_uart.o
                0x000000000800a5fc                UART_SetConfig
 .text.UART_AdvFeatureConfig
                0x000000000800ab94      0x144 ./Drivers/STM32G4xx_HAL_Driver/stm32g4xx_hal_uart.o
                0x000000000800ab94                UART_AdvFeatureConfig
 .text.UART_CheckIdleState
                0x000000000800acd8       0x96 ./Drivers/STM32G4xx_HAL_Driver/stm32g4xx_hal_uart.o
                0x000000000800acd8                UART_CheckIdleState
 .text.UART_WaitOnFlagUntilTimeout
                0x000000000800ad6e      0x190 ./Drivers/STM32G4xx_HAL_Driver/stm32g4xx_hal_uart.o
                0x000000000800ad6e                UART_WaitOnFlagUntilTimeout
 .text.HAL_UARTEx_DisableFifoMode
                0x000000000800aefe       0x72 ./Drivers/STM32G4xx_HAL_Driver/stm32g4xx_hal_uart_ex.o
                0x000000000800aefe                HAL_UARTEx_DisableFifoMode
 .text.HAL_UARTEx_SetTxFifoThreshold
                0x000000000800af70       0x7c ./Drivers/STM32G4xx_HAL_Driver/stm32g4xx_hal_uart_ex.o
                0x000000000800af70                HAL_UARTEx_SetTxFifoThreshold
 .text.HAL_UARTEx_SetRxFifoThreshold
                0x000000000800afec       0x7c ./Drivers/STM32G4xx_HAL_Driver/stm32g4xx_hal_uart_ex.o
                0x000000000800afec                HAL_UARTEx_SetRxFifoThreshold
 .text.UARTEx_SetNbDataToProcess
                0x000000000800b068       0x9c ./Drivers/STM32G4xx_HAL_Driver/stm32g4xx_hal_uart_ex.o
 .text.FCP_Init
                0x000000000800b104       0x66 ./Middlewares/MotorControl/frame_communication_protocol.o
                0x000000000800b104                FCP_Init
 .text.FCP_SetClient
                0x000000000800b16a       0x38 ./Middlewares/MotorControl/frame_communication_protocol.o
                0x000000000800b16a                FCP_SetClient
 .text.FCP_CalcCRC
                0x000000000800b1a2       0x74 ./Middlewares/MotorControl/frame_communication_protocol.o
                0x000000000800b1a2                FCP_CalcCRC
 .text.LL_GPIO_SetPinPull
                0x000000000800b216       0x7a ./Middlewares/MotorControl/g431rb_bus.o
 .text.BSP_GPIO_Init
                0x000000000800b290       0x74 ./Middlewares/MotorControl/g431rb_bus.o
                0x000000000800b290                BSP_GPIO_Init
 .text.BSP_GPIO_DeInit
                0x000000000800b304       0x2c ./Middlewares/MotorControl/g431rb_bus.o
                0x000000000800b304                BSP_GPIO_DeInit
 .text.BSP_GetPwrStage
                0x000000000800b330       0x38 ./Middlewares/MotorControl/g431rb_bus.o
                0x000000000800b330                BSP_GetPwrStage
 .text.BSP_SetPwrStage
                0x000000000800b368       0x4c ./Middlewares/MotorControl/g431rb_bus.o
                0x000000000800b368                BSP_SetPwrStage
 .text.BSP_GetStby
                0x000000000800b3b4       0x38 ./Middlewares/MotorControl/g431rb_bus.o
                0x000000000800b3b4                BSP_GetStby
 .text.BSP_SetStby
                0x000000000800b3ec       0x48 ./Middlewares/MotorControl/g431rb_bus.o
                0x000000000800b3ec                BSP_SetStby
 .text.IHM16M1_MOTOR_DRIVER_Init
                0x000000000800b434       0x74 ./Middlewares/MotorControl/ihm16m1.o
                0x000000000800b434                IHM16M1_MOTOR_DRIVER_Init
 .text.IHM16M1_MOTOR_DRIVER_SetPwrStage
                0x000000000800b4a8       0x30 ./Middlewares/MotorControl/ihm16m1.o
                0x000000000800b4a8                IHM16M1_MOTOR_DRIVER_SetPwrStage
 .text.IHM16M1_MOTOR_DRIVER_SetStby
                0x000000000800b4d8       0x30 ./Middlewares/MotorControl/ihm16m1.o
                0x000000000800b4d8                IHM16M1_MOTOR_DRIVER_SetStby
 .text.LL_USART_EnableIT_RXNE_RXFNE
                0x000000000800b508       0x42 ./Middlewares/MotorControl/usart_frame_communication_protocol.o
 .text.LL_USART_EnableIT_TXE_TXFNF
                0x000000000800b54a       0x42 ./Middlewares/MotorControl/usart_frame_communication_protocol.o
 .text.LL_USART_DisableIT_RXNE_RXFNE
                0x000000000800b58c       0x42 ./Middlewares/MotorControl/usart_frame_communication_protocol.o
 .text.LL_USART_DisableIT_TXE_TXFNF
                0x000000000800b5ce       0x42 ./Middlewares/MotorControl/usart_frame_communication_protocol.o
 .text.LL_USART_TransmitData8
                0x000000000800b610       0x1e ./Middlewares/MotorControl/usart_frame_communication_protocol.o
 .text.UFCP_Init
                0x000000000800b62e       0x18 ./Middlewares/MotorControl/usart_frame_communication_protocol.o
                0x000000000800b62e                UFCP_Init
 *fill*         0x000000000800b646        0x2 
 .text.UFCP_RX_IRQ_Handler
                0x000000000800b648      0x148 ./Middlewares/MotorControl/usart_frame_communication_protocol.o
                0x000000000800b648                UFCP_RX_IRQ_Handler
 .text.UFCP_TX_IRQ_Handler
                0x000000000800b790       0xbc ./Middlewares/MotorControl/usart_frame_communication_protocol.o
                0x000000000800b790                UFCP_TX_IRQ_Handler
 .text.UFCP_OVR_IRQ_Handler
                0x000000000800b84c       0x26 ./Middlewares/MotorControl/usart_frame_communication_protocol.o
                0x000000000800b84c                UFCP_OVR_IRQ_Handler
 .text.UFCP_Receive
                0x000000000800b872       0x46 ./Middlewares/MotorControl/usart_frame_communication_protocol.o
                0x000000000800b872                UFCP_Receive
 .text.UFCP_Send
                0x000000000800b8b8       0x94 ./Middlewares/MotorControl/usart_frame_communication_protocol.o
                0x000000000800b8b8                UFCP_Send
 .text.UFCP_AbortReceive
                0x000000000800b94c       0x1c ./Middlewares/MotorControl/usart_frame_communication_protocol.o
                0x000000000800b94c                UFCP_AbortReceive
 .text.__libc_init_array
                0x000000000800b968       0x48 c:/st/stm32cubeide_1.11.2/stm32cubeide/plugins/com.st.stm32cube.ide.mcu.externaltools.gnu-tools-for-stm32.10.3-2021.10.win32_1.0.100.202210260954/tools/bin/../lib/gcc/arm-none-eabi/10.3.1/../../../../arm-none-eabi/lib/thumb/v7e-m+fp/hard\libc_nano.a(lib_a-init.o)
                0x000000000800b968                __libc_init_array
 .text.memset   0x000000000800b9b0       0x10 c:/st/stm32cubeide_1.11.2/stm32cubeide/plugins/com.st.stm32cube.ide.mcu.externaltools.gnu-tools-for-stm32.10.3-2021.10.win32_1.0.100.202210260954/tools/bin/../lib/gcc/arm-none-eabi/10.3.1/../../../../arm-none-eabi/lib/thumb/v7e-m+fp/hard\libc_nano.a(lib_a-memset.o)
                0x000000000800b9b0                memset
 *(.glue_7)
 .glue_7        0x000000000800b9c0        0x0 linker stubs
 *(.glue_7t)
 .glue_7t       0x000000000800b9c0        0x0 linker stubs
 *(.eh_frame)
 .eh_frame      0x000000000800b9c0        0x0 c:/st/stm32cubeide_1.11.2/stm32cubeide/plugins/com.st.stm32cube.ide.mcu.externaltools.gnu-tools-for-stm32.10.3-2021.10.win32_1.0.100.202210260954/tools/bin/../lib/gcc/arm-none-eabi/10.3.1/thumb/v7e-m+fp/hard/crtbegin.o
 *(.init)
 .init          0x000000000800b9c0        0x4 c:/st/stm32cubeide_1.11.2/stm32cubeide/plugins/com.st.stm32cube.ide.mcu.externaltools.gnu-tools-for-stm32.10.3-2021.10.win32_1.0.100.202210260954/tools/bin/../lib/gcc/arm-none-eabi/10.3.1/thumb/v7e-m+fp/hard/crti.o
                0x000000000800b9c0                _init
 .init          0x000000000800b9c4        0x8 c:/st/stm32cubeide_1.11.2/stm32cubeide/plugins/com.st.stm32cube.ide.mcu.externaltools.gnu-tools-for-stm32.10.3-2021.10.win32_1.0.100.202210260954/tools/bin/../lib/gcc/arm-none-eabi/10.3.1/thumb/v7e-m+fp/hard/crtn.o
 *(.fini)
 .fini          0x000000000800b9cc        0x4 c:/st/stm32cubeide_1.11.2/stm32cubeide/plugins/com.st.stm32cube.ide.mcu.externaltools.gnu-tools-for-stm32.10.3-2021.10.win32_1.0.100.202210260954/tools/bin/../lib/gcc/arm-none-eabi/10.3.1/thumb/v7e-m+fp/hard/crti.o
                0x000000000800b9cc                _fini
 .fini          0x000000000800b9d0        0x8 c:/st/stm32cubeide_1.11.2/stm32cubeide/plugins/com.st.stm32cube.ide.mcu.externaltools.gnu-tools-for-stm32.10.3-2021.10.win32_1.0.100.202210260954/tools/bin/../lib/gcc/arm-none-eabi/10.3.1/thumb/v7e-m+fp/hard/crtn.o
                0x000000000800b9d8                . = ALIGN (0x4)
                0x000000000800b9d8                _etext = .

.vfp11_veneer   0x000000000800b9d8        0x0
 .vfp11_veneer  0x000000000800b9d8        0x0 linker stubs

.v4_bx          0x000000000800b9d8        0x0
 .v4_bx         0x000000000800b9d8        0x0 linker stubs

.iplt           0x000000000800b9d8        0x0
 .iplt          0x000000000800b9d8        0x0 c:/st/stm32cubeide_1.11.2/stm32cubeide/plugins/com.st.stm32cube.ide.mcu.externaltools.gnu-tools-for-stm32.10.3-2021.10.win32_1.0.100.202210260954/tools/bin/../lib/gcc/arm-none-eabi/10.3.1/thumb/v7e-m+fp/hard/crtbegin.o

.rodata         0x000000000800b9d8       0x68
                0x000000000800b9d8                . = ALIGN (0x4)
 *(.rodata)
 *(.rodata*)
 .rodata.s_fwVer
                0x000000000800b9d8       0x20 ./Application/User/motorcontrol.o
                0x000000000800b9d8                s_fwVer
 .rodata.AHBPrescTable
                0x000000000800b9f8       0x10 ./Drivers/CMSIS/system_stm32g4xx.o
                0x000000000800b9f8                AHBPrescTable
 .rodata.APBPrescTable
                0x000000000800ba08        0x8 ./Drivers/CMSIS/system_stm32g4xx.o
                0x000000000800ba08                APBPrescTable
 .rodata.UARTPrescTable
                0x000000000800ba10       0x18 ./Drivers/STM32G4xx_HAL_Driver/stm32g4xx_hal_uart.o
                0x000000000800ba10                UARTPrescTable
 .rodata.numerator.1
                0x000000000800ba28        0x8 ./Drivers/STM32G4xx_HAL_Driver/stm32g4xx_hal_uart_ex.o
 .rodata.denominator.0
                0x000000000800ba30        0x8 ./Drivers/STM32G4xx_HAL_Driver/stm32g4xx_hal_uart_ex.o
 .rodata.UFCP_Usart_Timeout_none
                0x000000000800ba38        0x2 ./Middlewares/MotorControl/usart_frame_communication_protocol.o
 .rodata.UFCP_Usart_Timeout_start
                0x000000000800ba3a        0x2 ./Middlewares/MotorControl/usart_frame_communication_protocol.o
 .rodata.UFCP_Usart_Timeout_stop
                0x000000000800ba3c        0x2 ./Middlewares/MotorControl/usart_frame_communication_protocol.o
                0x000000000800ba40                . = ALIGN (0x4)
 *fill*         0x000000000800ba3e        0x2 

.ARM.extab      0x000000000800ba40        0x0
                0x000000000800ba40                . = ALIGN (0x4)
 *(.ARM.extab* .gnu.linkonce.armextab.*)
                0x000000000800ba40                . = ALIGN (0x4)

.ARM            0x000000000800ba40        0x8
                0x000000000800ba40                . = ALIGN (0x4)
                0x000000000800ba40                __exidx_start = .
 *(.ARM.exidx*)
 .ARM.exidx     0x000000000800ba40        0x8 c:/st/stm32cubeide_1.11.2/stm32cubeide/plugins/com.st.stm32cube.ide.mcu.externaltools.gnu-tools-for-stm32.10.3-2021.10.win32_1.0.100.202210260954/tools/bin/../lib/gcc/arm-none-eabi/10.3.1/thumb/v7e-m+fp/hard\libgcc.a(_udivmoddi4.o)
                0x000000000800ba48                __exidx_end = .
                0x000000000800ba48                . = ALIGN (0x4)

.rel.dyn        0x000000000800ba48        0x0
 .rel.iplt      0x000000000800ba48        0x0 c:/st/stm32cubeide_1.11.2/stm32cubeide/plugins/com.st.stm32cube.ide.mcu.externaltools.gnu-tools-for-stm32.10.3-2021.10.win32_1.0.100.202210260954/tools/bin/../lib/gcc/arm-none-eabi/10.3.1/thumb/v7e-m+fp/hard/crtbegin.o

.preinit_array  0x000000000800ba48        0x0
                0x000000000800ba48                . = ALIGN (0x4)
                0x000000000800ba48                PROVIDE (__preinit_array_start = .)
 *(.preinit_array*)
                0x000000000800ba48                PROVIDE (__preinit_array_end = .)
                0x000000000800ba48                . = ALIGN (0x4)

.init_array     0x000000000800ba48        0x4
                0x000000000800ba48                . = ALIGN (0x4)
                0x000000000800ba48                PROVIDE (__init_array_start = .)
 *(SORT_BY_NAME(.init_array.*))
 *(.init_array*)
 .init_array    0x000000000800ba48        0x4 c:/st/stm32cubeide_1.11.2/stm32cubeide/plugins/com.st.stm32cube.ide.mcu.externaltools.gnu-tools-for-stm32.10.3-2021.10.win32_1.0.100.202210260954/tools/bin/../lib/gcc/arm-none-eabi/10.3.1/thumb/v7e-m+fp/hard/crtbegin.o
                0x000000000800ba4c                PROVIDE (__init_array_end = .)
                0x000000000800ba4c                . = ALIGN (0x4)

.fini_array     0x000000000800ba4c        0x4
                0x000000000800ba4c                . = ALIGN (0x4)
                [!provide]                        PROVIDE (__fini_array_start = .)
 *(SORT_BY_NAME(.fini_array.*))
 *(.fini_array*)
 .fini_array    0x000000000800ba4c        0x4 c:/st/stm32cubeide_1.11.2/stm32cubeide/plugins/com.st.stm32cube.ide.mcu.externaltools.gnu-tools-for-stm32.10.3-2021.10.win32_1.0.100.202210260954/tools/bin/../lib/gcc/arm-none-eabi/10.3.1/thumb/v7e-m+fp/hard/crtbegin.o
                [!provide]                        PROVIDE (__fini_array_end = .)
                0x000000000800ba50                . = ALIGN (0x4)
                0x000000000800ba50                _sidata = LOADADDR (.data)

.data           0x0000000020000000      0x148 load address 0x000000000800ba50
                0x0000000020000000                . = ALIGN (0x4)
                0x0000000020000000                _sdata = .
 *(.data)
 *(.data*)
 .data.pUSART   0x0000000020000000      0x13c ./Application/User/mc_config.o
                0x0000000020000000                pUSART
 .data.SystemCoreClock
                0x000000002000013c        0x4 ./Drivers/CMSIS/system_stm32g4xx.o
                0x000000002000013c                SystemCoreClock
 .data.uwTickPrio
                0x0000000020000140        0x4 ./Drivers/STM32G4xx_HAL_Driver/stm32g4xx_hal.o
                0x0000000020000140                uwTickPrio
 .data.uwTickFreq
                0x0000000020000144        0x4 ./Drivers/STM32G4xx_HAL_Driver/stm32g4xx_hal.o
                0x0000000020000144                uwTickFreq
 *(.RamFunc)
 *(.RamFunc*)
                0x0000000020000148                . = ALIGN (0x4)
                0x0000000020000148                _edata = .

.igot.plt       0x0000000020000148        0x0 load address 0x000000000800bb98
 .igot.plt      0x0000000020000148        0x0 c:/st/stm32cubeide_1.11.2/stm32cubeide/plugins/com.st.stm32cube.ide.mcu.externaltools.gnu-tools-for-stm32.10.3-2021.10.win32_1.0.100.202210260954/tools/bin/../lib/gcc/arm-none-eabi/10.3.1/thumb/v7e-m+fp/hard/crtbegin.o
                0x0000000020000148                . = ALIGN (0x4)

.bss            0x0000000020000148      0x544 load address 0x000000000800bb98
                0x0000000020000148                _sbss = .
                0x0000000020000148                __bss_start__ = _sbss
 *(.bss)
 .bss           0x0000000020000148       0x1c c:/st/stm32cubeide_1.11.2/stm32cubeide/plugins/com.st.stm32cube.ide.mcu.externaltools.gnu-tools-for-stm32.10.3-2021.10.win32_1.0.100.202210260954/tools/bin/../lib/gcc/arm-none-eabi/10.3.1/thumb/v7e-m+fp/hard/crtbegin.o
 *(.bss*)
 .bss.Motor_Device1
                0x0000000020000164      0x14c ./Application/User/6step_conf.o
                0x0000000020000164                Motor_Device1
 .bss.NumberOfDevices
                0x00000000200002b0        0x1 ./Application/User/6step_core.o
                0x00000000200002b0                NumberOfDevices
 *fill*         0x00000000200002b1        0x3 
 .bss.SysClockFrequency
                0x00000000200002b4        0x4 ./Application/User/6step_core.o
                0x00000000200002b4                SysClockFrequency
 .bss.pMcCoreArray
                0x00000000200002b8        0x4 ./Application/User/6step_core.o
                0x00000000200002b8                pMcCoreArray
 .bss.hadc1     0x00000000200002bc       0x6c ./Application/User/adc.o
                0x00000000200002bc                hadc1
 .bss.hadc2     0x0000000020000328       0x6c ./Application/User/adc.o
                0x0000000020000328                hadc2
 .bss.HAL_RCC_ADC12_CLK_ENABLED
                0x0000000020000394        0x4 ./Application/User/adc.o
 .bss.hdac1     0x0000000020000398       0x14 ./Application/User/dac.o
                0x0000000020000398                hdac1
 .bss.UI_Params
                0x00000000200003ac       0x14 ./Application/User/mc_config.o
                0x00000000200003ac                UI_Params
 .bss.pMCI      0x00000000200003c0        0x4 ./Application/User/motorcontrol.o
                0x00000000200003c0                pMCI
 .bss.htim1     0x00000000200003c4       0x4c ./Application/User/tim.o
                0x00000000200003c4                htim1
 .bss.htim3     0x0000000020000410       0x4c ./Application/User/tim.o
                0x0000000020000410                htim3
 .bss.htim4     0x000000002000045c       0x4c ./Application/User/tim.o
                0x000000002000045c                htim4
 .bss.pMCP      0x00000000200004a8        0x4 ./Application/User/ui_task.o
                0x00000000200004a8                pMCP
 .bss.MCP_UI_Params
                0x00000000200004ac       0xac ./Application/User/ui_task.o
                0x00000000200004ac                MCP_UI_Params
 .bss.huart2    0x0000000020000558       0x90 ./Application/User/usart.o
                0x0000000020000558                huart2
 .bss.hdma_usart2_tx
                0x00000000200005e8       0x60 ./Application/User/usart.o
                0x00000000200005e8                hdma_usart2_tx
 .bss.uwTick    0x0000000020000648        0x4 ./Drivers/STM32G4xx_HAL_Driver/stm32g4xx_hal.o
                0x0000000020000648                uwTick
 .bss.hgpio     0x000000002000064c       0x1c ./Middlewares/MotorControl/g431rb_bus.o
                0x000000002000064c                hgpio
 .bss.Stspin830_Dev
                0x0000000020000668        0x4 ./Middlewares/MotorControl/ihm16m1.o
                0x0000000020000668                Stspin830_Dev
 .bss.Stspin830_Drv
                0x000000002000066c       0x20 ./Middlewares/MotorControl/ihm16m1.o
                0x000000002000066c                Stspin830_Drv
 *(COMMON)
                0x000000002000068c                . = ALIGN (0x4)
                0x000000002000068c                _ebss = .
                0x000000002000068c                __bss_end__ = _ebss

._user_heap_stack
                0x000000002000068c      0x604 load address 0x000000000800bb98
                0x0000000020000690                . = ALIGN (0x8)
 *fill*         0x000000002000068c        0x4 
                [!provide]                        PROVIDE (end = .)
                0x0000000020000690                PROVIDE (_end = .)
                0x0000000020000890                . = (. + _Min_Heap_Size)
 *fill*         0x0000000020000690      0x200 
                0x0000000020000c90                . = (. + _Min_Stack_Size)
 *fill*         0x0000000020000890      0x400 
                0x0000000020000c90                . = ALIGN (0x8)

/DISCARD/
 libc.a(*)
 libm.a(*)
 libgcc.a(*)

.ARM.attributes
                0x0000000000000000       0x30
 *(.ARM.attributes)
 .ARM.attributes
                0x0000000000000000       0x1e c:/st/stm32cubeide_1.11.2/stm32cubeide/plugins/com.st.stm32cube.ide.mcu.externaltools.gnu-tools-for-stm32.10.3-2021.10.win32_1.0.100.202210260954/tools/bin/../lib/gcc/arm-none-eabi/10.3.1/thumb/v7e-m+fp/hard/crti.o
 .ARM.attributes
                0x000000000000001e       0x34 c:/st/stm32cubeide_1.11.2/stm32cubeide/plugins/com.st.stm32cube.ide.mcu.externaltools.gnu-tools-for-stm32.10.3-2021.10.win32_1.0.100.202210260954/tools/bin/../lib/gcc/arm-none-eabi/10.3.1/thumb/v7e-m+fp/hard/crtbegin.o
 .ARM.attributes
                0x0000000000000052       0x21 ./Application/Startup/startup_stm32g431rbtx.o
 .ARM.attributes
                0x0000000000000073       0x34 ./Application/User/6step_conf.o
 .ARM.attributes
                0x00000000000000a7       0x34 ./Application/User/6step_core.o
 .ARM.attributes
                0x00000000000000db       0x34 ./Application/User/6step_init.o
 .ARM.attributes
                0x000000000000010f       0x34 ./Application/User/adc.o
 .ARM.attributes
                0x0000000000000143       0x34 ./Application/User/dac.o
 .ARM.attributes
                0x0000000000000177       0x34 ./Application/User/dma.o
 .ARM.attributes
                0x00000000000001ab       0x34 ./Application/User/gpio.o
 .ARM.attributes
                0x00000000000001df       0x34 ./Application/User/main.o
 .ARM.attributes
                0x0000000000000213       0x34 ./Application/User/mc_config.o
 .ARM.attributes
                0x0000000000000247       0x34 ./Application/User/motor_control_protocol.o
 .ARM.attributes
                0x000000000000027b       0x34 ./Application/User/motorcontrol.o
 .ARM.attributes
                0x00000000000002af       0x34 ./Application/User/stm32g4xx_hal_msp.o
 .ARM.attributes
                0x00000000000002e3       0x34 ./Application/User/stm32g4xx_it.o
 .ARM.attributes
                0x0000000000000317       0x34 ./Application/User/stm32g4xx_mc_it.o
 .ARM.attributes
                0x000000000000034b       0x34 ./Application/User/tim.o
 .ARM.attributes
                0x000000000000037f       0x34 ./Application/User/ui_task.o
 .ARM.attributes
                0x00000000000003b3       0x34 ./Application/User/usart.o
 .ARM.attributes
                0x00000000000003e7       0x34 ./Application/User/user_interface.o
 .ARM.attributes
                0x000000000000041b       0x34 ./Drivers/CMSIS/system_stm32g4xx.o
 .ARM.attributes
                0x000000000000044f       0x34 ./Drivers/STM32G4xx_HAL_Driver/stm32g4xx_hal.o
 .ARM.attributes
                0x0000000000000483       0x34 ./Drivers/STM32G4xx_HAL_Driver/stm32g4xx_hal_adc.o
 .ARM.attributes
                0x00000000000004b7       0x34 ./Drivers/STM32G4xx_HAL_Driver/stm32g4xx_hal_adc_ex.o
 .ARM.attributes
                0x00000000000004eb       0x34 ./Drivers/STM32G4xx_HAL_Driver/stm32g4xx_hal_cortex.o
 .ARM.attributes
                0x000000000000051f       0x34 ./Drivers/STM32G4xx_HAL_Driver/stm32g4xx_hal_dac.o
 .ARM.attributes
                0x0000000000000553       0x34 ./Drivers/STM32G4xx_HAL_Driver/stm32g4xx_hal_dma.o
 .ARM.attributes
                0x0000000000000587       0x34 ./Drivers/STM32G4xx_HAL_Driver/stm32g4xx_hal_dma_ex.o
 .ARM.attributes
                0x00000000000005bb       0x34 ./Drivers/STM32G4xx_HAL_Driver/stm32g4xx_hal_gpio.o
 .ARM.attributes
                0x00000000000005ef       0x34 ./Drivers/STM32G4xx_HAL_Driver/stm32g4xx_hal_pwr_ex.o
 .ARM.attributes
                0x0000000000000623       0x34 ./Drivers/STM32G4xx_HAL_Driver/stm32g4xx_hal_rcc.o
 .ARM.attributes
                0x0000000000000657       0x34 ./Drivers/STM32G4xx_HAL_Driver/stm32g4xx_hal_rcc_ex.o
 .ARM.attributes
                0x000000000000068b       0x34 ./Drivers/STM32G4xx_HAL_Driver/stm32g4xx_hal_tim.o
 .ARM.attributes
                0x00000000000006bf       0x34 ./Drivers/STM32G4xx_HAL_Driver/stm32g4xx_hal_tim_ex.o
 .ARM.attributes
                0x00000000000006f3       0x34 ./Drivers/STM32G4xx_HAL_Driver/stm32g4xx_hal_uart.o
 .ARM.attributes
                0x0000000000000727       0x34 ./Drivers/STM32G4xx_HAL_Driver/stm32g4xx_hal_uart_ex.o
 .ARM.attributes
                0x000000000000075b       0x34 ./Middlewares/MotorControl/frame_communication_protocol.o
 .ARM.attributes
                0x000000000000078f       0x34 ./Middlewares/MotorControl/g431rb_bus.o
 .ARM.attributes
                0x00000000000007c3       0x34 ./Middlewares/MotorControl/ihm16m1.o
 .ARM.attributes
                0x00000000000007f7       0x34 ./Middlewares/MotorControl/usart_frame_communication_protocol.o
 .ARM.attributes
                0x000000000000082b       0x34 c:/st/stm32cubeide_1.11.2/stm32cubeide/plugins/com.st.stm32cube.ide.mcu.externaltools.gnu-tools-for-stm32.10.3-2021.10.win32_1.0.100.202210260954/tools/bin/../lib/gcc/arm-none-eabi/10.3.1/../../../../arm-none-eabi/lib/thumb/v7e-m+fp/hard\libc_nano.a(lib_a-init.o)
 .ARM.attributes
                0x000000000000085f       0x34 c:/st/stm32cubeide_1.11.2/stm32cubeide/plugins/com.st.stm32cube.ide.mcu.externaltools.gnu-tools-for-stm32.10.3-2021.10.win32_1.0.100.202210260954/tools/bin/../lib/gcc/arm-none-eabi/10.3.1/../../../../arm-none-eabi/lib/thumb/v7e-m+fp/hard\libc_nano.a(lib_a-memset.o)
 .ARM.attributes
                0x0000000000000893       0x1e c:/st/stm32cubeide_1.11.2/stm32cubeide/plugins/com.st.stm32cube.ide.mcu.externaltools.gnu-tools-for-stm32.10.3-2021.10.win32_1.0.100.202210260954/tools/bin/../lib/gcc/arm-none-eabi/10.3.1/thumb/v7e-m+fp/hard\libgcc.a(_arm_muldf3.o)
 .ARM.attributes
                0x00000000000008b1       0x1e c:/st/stm32cubeide_1.11.2/stm32cubeide/plugins/com.st.stm32cube.ide.mcu.externaltools.gnu-tools-for-stm32.10.3-2021.10.win32_1.0.100.202210260954/tools/bin/../lib/gcc/arm-none-eabi/10.3.1/thumb/v7e-m+fp/hard\libgcc.a(_arm_addsubdf3.o)
 .ARM.attributes
                0x00000000000008cf       0x1e c:/st/stm32cubeide_1.11.2/stm32cubeide/plugins/com.st.stm32cube.ide.mcu.externaltools.gnu-tools-for-stm32.10.3-2021.10.win32_1.0.100.202210260954/tools/bin/../lib/gcc/arm-none-eabi/10.3.1/thumb/v7e-m+fp/hard\libgcc.a(_arm_fixdfsi.o)
 .ARM.attributes
                0x00000000000008ed       0x1e c:/st/stm32cubeide_1.11.2/stm32cubeide/plugins/com.st.stm32cube.ide.mcu.externaltools.gnu-tools-for-stm32.10.3-2021.10.win32_1.0.100.202210260954/tools/bin/../lib/gcc/arm-none-eabi/10.3.1/thumb/v7e-m+fp/hard\libgcc.a(_aeabi_uldivmod.o)
 .ARM.attributes
                0x000000000000090b       0x34 c:/st/stm32cubeide_1.11.2/stm32cubeide/plugins/com.st.stm32cube.ide.mcu.externaltools.gnu-tools-for-stm32.10.3-2021.10.win32_1.0.100.202210260954/tools/bin/../lib/gcc/arm-none-eabi/10.3.1/thumb/v7e-m+fp/hard\libgcc.a(_udivmoddi4.o)
 .ARM.attributes
                0x000000000000093f       0x1e c:/st/stm32cubeide_1.11.2/stm32cubeide/plugins/com.st.stm32cube.ide.mcu.externaltools.gnu-tools-for-stm32.10.3-2021.10.win32_1.0.100.202210260954/tools/bin/../lib/gcc/arm-none-eabi/10.3.1/thumb/v7e-m+fp/hard\libgcc.a(_dvmd_tls.o)
 .ARM.attributes
                0x000000000000095d       0x1e c:/st/stm32cubeide_1.11.2/stm32cubeide/plugins/com.st.stm32cube.ide.mcu.externaltools.gnu-tools-for-stm32.10.3-2021.10.win32_1.0.100.202210260954/tools/bin/../lib/gcc/arm-none-eabi/10.3.1/thumb/v7e-m+fp/hard/crtn.o
OUTPUT(6Steps_P-NUCLEO-IHM003.elf elf32-littlearm)
LOAD linker stubs
LOAD c:/st/stm32cubeide_1.11.2/stm32cubeide/plugins/com.st.stm32cube.ide.mcu.externaltools.gnu-tools-for-stm32.10.3-2021.10.win32_1.0.100.202210260954/tools/bin/../lib/gcc/arm-none-eabi/10.3.1/../../../../arm-none-eabi/lib/thumb/v7e-m+fp/hard\libc.a
LOAD c:/st/stm32cubeide_1.11.2/stm32cubeide/plugins/com.st.stm32cube.ide.mcu.externaltools.gnu-tools-for-stm32.10.3-2021.10.win32_1.0.100.202210260954/tools/bin/../lib/gcc/arm-none-eabi/10.3.1/../../../../arm-none-eabi/lib/thumb/v7e-m+fp/hard\libm.a
LOAD c:/st/stm32cubeide_1.11.2/stm32cubeide/plugins/com.st.stm32cube.ide.mcu.externaltools.gnu-tools-for-stm32.10.3-2021.10.win32_1.0.100.202210260954/tools/bin/../lib/gcc/arm-none-eabi/10.3.1/thumb/v7e-m+fp/hard\libgcc.a

.debug_line     0x0000000000000000    0x28387
 .debug_line    0x0000000000000000       0x90 ./Application/Startup/startup_stm32g431rbtx.o
 .debug_line    0x0000000000000090     0x12db ./Application/User/6step_conf.o
 .debug_line    0x000000000000136b     0x1678 ./Application/User/6step_core.o
 .debug_line    0x00000000000029e3      0xbde ./Application/User/6step_init.o
 .debug_line    0x00000000000035c1      0xc1b ./Application/User/adc.o
 .debug_line    0x00000000000041dc      0xb10 ./Application/User/dac.o
 .debug_line    0x0000000000004cec      0xa9a ./Application/User/dma.o
 .debug_line    0x0000000000005786      0xac7 ./Application/User/gpio.o
 .debug_line    0x000000000000624d      0xb85 ./Application/User/main.o
 .debug_line    0x0000000000006dd2      0xca3 ./Application/User/mc_config.o
 .debug_line    0x0000000000007a75     0x10ab ./Application/User/motor_control_protocol.o
 .debug_line    0x0000000000008b20      0xce3 ./Application/User/motorcontrol.o
 .debug_line    0x0000000000009803      0xaa1 ./Application/User/stm32g4xx_hal_msp.o
 .debug_line    0x000000000000a2a4      0xb6c ./Application/User/stm32g4xx_it.o
 .debug_line    0x000000000000ae10      0xdb0 ./Application/User/stm32g4xx_mc_it.o
 .debug_line    0x000000000000bbc0      0xd1f ./Application/User/tim.o
 .debug_line    0x000000000000c8df      0xccd ./Application/User/ui_task.o
 .debug_line    0x000000000000d5ac      0xb6c ./Application/User/usart.o
 .debug_line    0x000000000000e118      0xffd ./Application/User/user_interface.o
 .debug_line    0x000000000000f115      0x803 ./Drivers/CMSIS/system_stm32g4xx.o
 .debug_line    0x000000000000f918      0xb80 ./Drivers/STM32G4xx_HAL_Driver/stm32g4xx_hal.o
 .debug_line    0x0000000000010498     0x1f1a ./Drivers/STM32G4xx_HAL_Driver/stm32g4xx_hal_adc.o
 .debug_line    0x00000000000123b2     0x197d ./Drivers/STM32G4xx_HAL_Driver/stm32g4xx_hal_adc_ex.o
 .debug_line    0x0000000000013d2f      0xd32 ./Drivers/STM32G4xx_HAL_Driver/stm32g4xx_hal_cortex.o
 .debug_line    0x0000000000014a61      0xd20 ./Drivers/STM32G4xx_HAL_Driver/stm32g4xx_hal_dac.o
 .debug_line    0x0000000000015781      0xeeb ./Drivers/STM32G4xx_HAL_Driver/stm32g4xx_hal_dma.o
 .debug_line    0x000000000001666c      0x95e ./Drivers/STM32G4xx_HAL_Driver/stm32g4xx_hal_dma_ex.o
 .debug_line    0x0000000000016fca      0xbc2 ./Drivers/STM32G4xx_HAL_Driver/stm32g4xx_hal_gpio.o
 .debug_line    0x0000000000017b8c      0xd36 ./Drivers/STM32G4xx_HAL_Driver/stm32g4xx_hal_pwr_ex.o
 .debug_line    0x00000000000188c2      0xf95 ./Drivers/STM32G4xx_HAL_Driver/stm32g4xx_hal_rcc.o
 .debug_line    0x0000000000019857     0x1158 ./Drivers/STM32G4xx_HAL_Driver/stm32g4xx_hal_rcc_ex.o
 .debug_line    0x000000000001a9af     0x3e86 ./Drivers/STM32G4xx_HAL_Driver/stm32g4xx_hal_tim.o
 .debug_line    0x000000000001e835     0x2102 ./Drivers/STM32G4xx_HAL_Driver/stm32g4xx_hal_tim_ex.o
 .debug_line    0x0000000000020937     0x3bd5 ./Drivers/STM32G4xx_HAL_Driver/stm32g4xx_hal_uart.o
 .debug_line    0x000000000002450c      0xe2a ./Drivers/STM32G4xx_HAL_Driver/stm32g4xx_hal_uart_ex.o
 .debug_line    0x0000000000025336      0xd80 ./Middlewares/MotorControl/frame_communication_protocol.o
 .debug_line    0x00000000000260b6      0xc45 ./Middlewares/MotorControl/g431rb_bus.o
 .debug_line    0x0000000000026cfb      0x914 ./Middlewares/MotorControl/ihm16m1.o
 .debug_line    0x000000000002760f      0xd78 ./Middlewares/MotorControl/usart_frame_communication_protocol.o

.debug_info     0x0000000000000000    0x27e53
 .debug_info    0x0000000000000000       0x22 ./Application/Startup/startup_stm32g431rbtx.o
 .debug_info    0x0000000000000022     0x223e ./Application/User/6step_conf.o
 .debug_info    0x0000000000002260     0x1444 ./Application/User/6step_core.o
 .debug_info    0x00000000000036a4     0x1661 ./Application/User/6step_init.o
 .debug_info    0x0000000000004d05      0xf7d ./Application/User/adc.o
 .debug_info    0x0000000000005c82      0xc91 ./Application/User/dac.o
 .debug_info    0x0000000000006913      0x3b7 ./Application/User/dma.o
 .debug_info    0x0000000000006cca      0x590 ./Application/User/gpio.o
 .debug_info    0x000000000000725a      0x72a ./Application/User/main.o
 .debug_info    0x0000000000007984      0xd0d ./Application/User/mc_config.o
 .debug_info    0x0000000000008691     0x1449 ./Application/User/motor_control_protocol.o
 .debug_info    0x0000000000009ada      0x82c ./Application/User/motorcontrol.o
 .debug_info    0x000000000000a306      0x3c0 ./Application/User/stm32g4xx_hal_msp.o
 .debug_info    0x000000000000a6c6      0xe0f ./Application/User/stm32g4xx_it.o
 .debug_info    0x000000000000b4d5     0x15e2 ./Application/User/stm32g4xx_mc_it.o
 .debug_info    0x000000000000cab7     0x1459 ./Application/User/tim.o
 .debug_info    0x000000000000df10      0xe36 ./Application/User/ui_task.o
 .debug_info    0x000000000000ed46      0xff2 ./Application/User/usart.o
 .debug_info    0x000000000000fd38     0x100a ./Application/User/user_interface.o
 .debug_info    0x0000000000010d42      0x59f ./Drivers/CMSIS/system_stm32g4xx.o
 .debug_info    0x00000000000112e1      0xbdb ./Drivers/STM32G4xx_HAL_Driver/stm32g4xx_hal.o