C:/Users/Ferhat ATASOY/Desktop/MC Control/6Steps_P-NUCLEO-IHM003/MCSDK_v5.4.8-Full/MotorControl/MCSDK/BSP/IHM16M1/ihm16m1.c:65:9:IHM16M1_MOTOR_DRIVER_Init	16	static
C:/Users/Ferhat ATASOY/Desktop/MC Control/6Steps_P-NUCLEO-IHM003/MCSDK_v5.4.8-Full/MotorControl/MCSDK/BSP/IHM16M1/ihm16m1.c:88:9:IHM16M1_MOTOR_DRIVER_DeInit	16	static
C:/Users/Ferhat ATASOY/Desktop/MC Control/6Steps_P-NUCLEO-IHM003/MCSDK_v5.4.8-Full/MotorControl/MCSDK/BSP/IHM16M1/ihm16m1.c:101:9:IHM16M1_MOTOR_DRIVER_GetPwrStage	24	static
C:/Users/Ferhat ATASOY/Desktop/MC Control/6Steps_P-NUCLEO-IHM003/MCSDK_v5.4.8-Full/MotorControl/MCSDK/BSP/IHM16M1/ihm16m1.c:108:9:IHM16M1_MOTOR_DRIVER_SetPwrStage	24	static
C:/Users/Ferhat ATASOY/Desktop/MC Control/6Steps_P-NUCLEO-IHM003/MCSDK_v5.4.8-Full/MotorControl/MCSDK/BSP/IHM16M1/ihm16m1.c:115:9:IHM16M1_MOTOR_DRIVER_GetStby	24	static
C:/Users/Ferhat ATASOY/Desktop/MC Control/6Steps_P-NUCLEO-IHM003/MCSDK_v5.4.8-Full/MotorControl/MCSDK/BSP/IHM16M1/ihm16m1.c:122:9:IHM16M1_MOTOR_DRIVER_SetStby	24	static
