C:/Users/Ferhat ATASOY/Desktop/MC Control/6Steps_P-NUCLEO-IHM003/Src/6step_core.c:132:10:MC_Core_ComputePulseValue	16	static
C:/Users/Ferhat ATASOY/Desktop/MC Control/6Steps_P-NUCLEO-IHM003/Src/6step_core.c:143:17:MC_Core_Alignment	16	static
C:/Users/Ferhat ATASOY/Desktop/MC Control/6Steps_P-NUCLEO-IHM003/Src/6step_core.c:176:10:MC_Core_LfTimerPeriodFilter	32	static
C:/Users/Ferhat ATASOY/Desktop/MC Control/6Steps_P-NUCLEO-IHM003/Src/6step_core.c:219:17:MC_Core_SixStepTable	16	static
C:/Users/Ferhat ATASOY/Desktop/MC Control/6Steps_P-NUCLEO-IHM003/Src/6step_core.c:274:10:MC_Core_SpeedCompute	24	static
C:/Users/Ferhat ATASOY/Desktop/MC Control/6Steps_P-NUCLEO-IHM003/Src/6step_core.c:285:10:MC_Core_SpeedControl	32	static
C:/Users/Ferhat ATASOY/Desktop/MC Control/6Steps_P-NUCLEO-IHM003/Src/6step_core.c:330:17:MC_Core_SpeedRegulatorReset	16	static
C:/Users/Ferhat ATASOY/Desktop/MC Control/6Steps_P-NUCLEO-IHM003/Src/6step_core.c:350:17:MC_Core_AssignTimers	24	static
C:/Users/Ferhat ATASOY/Desktop/MC Control/6Steps_P-NUCLEO-IHM003/Src/6step_core.c:374:17:MC_Core_ConfigureUserAdc	24	static
C:/Users/Ferhat ATASOY/Desktop/MC Control/6Steps_P-NUCLEO-IHM003/Src/6step_core.c:395:17:MC_Core_ConfigureUserAdcChannel	24	static
C:/Users/Ferhat ATASOY/Desktop/MC Control/6Steps_P-NUCLEO-IHM003/Src/6step_core.c:411:17:MC_Core_ConfigureUserButton	16	static
C:/Users/Ferhat ATASOY/Desktop/MC Control/6Steps_P-NUCLEO-IHM003/Src/6step_core.c:423:10:MC_Core_GetGateDriverPwmFreq	16	static
C:/Users/Ferhat ATASOY/Desktop/MC Control/6Steps_P-NUCLEO-IHM003/Src/6step_core.c:434:14:MC_Core_GetMotorControlHandle	16	static
C:/Users/Ferhat ATASOY/Desktop/MC Control/6Steps_P-NUCLEO-IHM003/Src/6step_core.c:458:10:MC_Core_GetSpeed	16	static
C:/Users/Ferhat ATASOY/Desktop/MC Control/6Steps_P-NUCLEO-IHM003/Src/6step_core.c:468:13:MC_Core_GetStatus	16	static
C:/Users/Ferhat ATASOY/Desktop/MC Control/6Steps_P-NUCLEO-IHM003/Src/6step_core.c:479:17:MC_Core_Init	16	static
C:/Users/Ferhat ATASOY/Desktop/MC Control/6Steps_P-NUCLEO-IHM003/Src/6step_core.c:528:17:MC_Core_SetAdcUserTrigTime	16	static
C:/Users/Ferhat ATASOY/Desktop/MC Control/6Steps_P-NUCLEO-IHM003/Src/6step_core.c:540:17:MC_Core_SetDirection	16	static
C:/Users/Ferhat ATASOY/Desktop/MC Control/6Steps_P-NUCLEO-IHM003/Src/6step_core.c:552:17:MC_Core_SetGateDriverPwmFreq	24	static
C:/Users/Ferhat ATASOY/Desktop/MC Control/6Steps_P-NUCLEO-IHM003/Src/6step_core.c:589:17:MC_Core_SpeedFeedbackReset	24	static
C:/Users/Ferhat ATASOY/Desktop/MC Control/6Steps_P-NUCLEO-IHM003/Src/6step_core.c:609:17:MC_Core_ConfigureBemfAdc	24	static
C:/Users/Ferhat ATASOY/Desktop/MC Control/6Steps_P-NUCLEO-IHM003/Src/6step_core.c:630:17:MC_Core_ConfigureBemfAdcChannel	24	static
C:/Users/Ferhat ATASOY/Desktop/MC Control/6Steps_P-NUCLEO-IHM003/Src/6step_core.c:653:17:MC_Core_LfTimerPeriodCompute	16	static
C:/Users/Ferhat ATASOY/Desktop/MC Control/6Steps_P-NUCLEO-IHM003/Src/6step_core.c:696:17:MC_Core_MediumFrequencyTask	16	static
C:/Users/Ferhat ATASOY/Desktop/MC Control/6Steps_P-NUCLEO-IHM003/Src/6step_core.c:770:17:MC_Core_PrepareNextStep	16	static
C:/Users/Ferhat ATASOY/Desktop/MC Control/6Steps_P-NUCLEO-IHM003/Src/6step_core.c:812:18:MC_Core_ProcessAdcMeasurement	32	static
C:/Users/Ferhat ATASOY/Desktop/MC Control/6Steps_P-NUCLEO-IHM003/Src/6step_core.c:897:17:MC_Core_NextStep	16	static
C:/Users/Ferhat ATASOY/Desktop/MC Control/6Steps_P-NUCLEO-IHM003/Src/6step_core.c:978:17:MC_Core_RampCalc	24	static
C:/Users/Ferhat ATASOY/Desktop/MC Control/6Steps_P-NUCLEO-IHM003/Src/6step_core.c:1033:17:MC_Core_Reset	16	static
C:/Users/Ferhat ATASOY/Desktop/MC Control/6Steps_P-NUCLEO-IHM003/Src/6step_core.c:1095:17:MC_Core_SetAdcBemfTrigTime	16	static
C:/Users/Ferhat ATASOY/Desktop/MC Control/6Steps_P-NUCLEO-IHM003/Src/6step_core.c:1106:17:MC_Core_SetDutyCycle	16	static
C:/Users/Ferhat ATASOY/Desktop/MC Control/6Steps_P-NUCLEO-IHM003/Src/6step_core.c:1117:17:MC_Core_SetSpeed	16	static
C:/Users/Ferhat ATASOY/Desktop/MC Control/6Steps_P-NUCLEO-IHM003/Src/6step_core.c:1129:17:MC_Core_SetStartupDutyCycle	16	static
C:/Users/Ferhat ATASOY/Desktop/MC Control/6Steps_P-NUCLEO-IHM003/Src/6step_core.c:1140:17:MC_Core_Start	24	static
C:/Users/Ferhat ATASOY/Desktop/MC Control/6Steps_P-NUCLEO-IHM003/Src/6step_core.c:1169:17:MC_Core_Stop	24	static
