C:/Users/Ferhat ATASOY/Desktop/MC Control/6Steps_P-NUCLEO-IHM003/Src/stm32g4xx_it.c:73:6:HardFault_Handler	4	static
C:/Users/Ferhat ATASOY/Desktop/MC Control/6Steps_P-NUCLEO-IHM003/Src/stm32g4xx_it.c:88:6:MemManage_Handler	4	static
C:/Users/Ferhat ATASOY/Desktop/MC Control/6Steps_P-NUCLEO-IHM003/Src/stm32g4xx_it.c:103:6:BusFault_Handler	4	static
C:/Users/Ferhat ATASOY/Desktop/MC Control/6Steps_P-NUCLEO-IHM003/Src/stm32g4xx_it.c:118:6:UsageFault_Handler	4	static
C:/Users/Ferhat ATASOY/Desktop/MC Control/6Steps_P-NUCLEO-IHM003/Src/stm32g4xx_it.c:133:6:DebugMon_Handler	4	static
C:/Users/Ferhat ATASOY/Desktop/MC Control/6Steps_P-NUCLEO-IHM003/Src/stm32g4xx_it.c:153:6:DMA1_Channel1_IRQHandler	8	static
C:/Users/Ferhat ATASOY/Desktop/MC Control/6Steps_P-NUCLEO-IHM003/Src/stm32g4xx_it.c:167:6:ADC1_2_IRQHandler	8	static
C:/Users/Ferhat ATASOY/Desktop/MC Control/6Steps_P-NUCLEO-IHM003/Src/stm32g4xx_it.c:182:6:TIM4_IRQHandler	8	static
C:/Users/Ferhat ATASOY/Desktop/MC Control/6Steps_P-NUCLEO-IHM003/Src/stm32g4xx_it.c:196:6:EXTI15_10_IRQHandler	8	static
