../../Drivers/STM32G4xx_HAL_Driver/Inc/stm32g4xx_ll_usart.h:2965:26:LL_USART_IsActiveFlag_ORE	16	static
../../Drivers/STM32G4xx_HAL_Driver/Inc/stm32g4xx_ll_usart.h:2992:26:LL_USART_IsActiveFlag_RXNE_RXFNE	16	static
../../Drivers/STM32G4xx_HAL_Driver/Inc/stm32g4xx_ll_usart.h:3019:26:LL_USART_IsActiveFlag_TXE_TXFNF	16	static
../../Drivers/STM32G4xx_HAL_Driver/Inc/stm32g4xx_ll_usart.h:3307:22:LL_USART_ClearFlag_ORE	16	static
../../Drivers/STM32G4xx_HAL_Driver/Inc/stm32g4xx_ll_usart.h:4253:25:LL_USART_ReceiveData8	16	static
C:/Users/Ferhat ATASOY/Desktop/MC Control/6Steps_P-NUCLEO-IHM003/Src/stm32g4xx_mc_it.c:66:6:USART2_IRQHandler	8	static
C:/Users/Ferhat ATASOY/Desktop/MC Control/6Steps_P-NUCLEO-IHM003/Src/stm32g4xx_mc_it.c:106:6:SysTick_Handler	8	static
C:/Users/Ferhat ATASOY/Desktop/MC Control/6Steps_P-NUCLEO-IHM003/Src/stm32g4xx_mc_it.c:122:6:TIM1_BRK_TIM15_IRQHandler	8	static
